../Core/Src/main.c:73:6:next_sound	8	static
../Core/Src/main.c:83:6:back_sound	8	static
../Core/Src/main.c:98:5:main	128	static
../Core/Src/main.c:197:6:SystemClock_Config	120	static
../Core/Src/main.c:241:13:MX_ADC1_Init	32	static
../Core/Src/main.c:295:13:MX_DAC_Init	24	static
../Core/Src/main.c:332:13:MX_TIM2_Init	40	static
../Core/Src/main.c:374:13:MX_USART2_UART_Init	8	static
../Core/Src/main.c:405:13:MX_DMA_Init	16	static
../Core/Src/main.c:425:13:MX_GPIO_Init	48	static
../Core/Src/main.c:471:6:Error_Handler	4	static,ignoring_inline_asm
