Archive member included to satisfy reference by file (symbol)

d:/microwilkin/programa/stm32cubeide_1.12.1/stm32cubeide/plugins/com.st.stm32cube.ide.mcu.externaltools.gnu-tools-for-stm32.10.3-2021.10.win32_1.0.200.202301161003/tools/bin/../lib/gcc/arm-none-eabi/10.3.1/../../../../arm-none-eabi/lib/thumb/v7e-m+fp/hard\libc_nano.a(lib_a-errno.o)
                              ./Core/Src/syscalls.o (__errno)
d:/microwilkin/programa/stm32cubeide_1.12.1/stm32cubeide/plugins/com.st.stm32cube.ide.mcu.externaltools.gnu-tools-for-stm32.10.3-2021.10.win32_1.0.200.202301161003/tools/bin/../lib/gcc/arm-none-eabi/10.3.1/../../../../arm-none-eabi/lib/thumb/v7e-m+fp/hard\libc_nano.a(lib_a-exit.o)
                              d:/microwilkin/programa/stm32cubeide_1.12.1/stm32cubeide/plugins/com.st.stm32cube.ide.mcu.externaltools.gnu-tools-for-stm32.10.3-2021.10.win32_1.0.200.202301161003/tools/bin/../lib/gcc/arm-none-eabi/10.3.1/../../../../arm-none-eabi/lib/thumb/v7e-m+fp/hard/crt0.o (exit)
d:/microwilkin/programa/stm32cubeide_1.12.1/stm32cubeide/plugins/com.st.stm32cube.ide.mcu.externaltools.gnu-tools-for-stm32.10.3-2021.10.win32_1.0.200.202301161003/tools/bin/../lib/gcc/arm-none-eabi/10.3.1/../../../../arm-none-eabi/lib/thumb/v7e-m+fp/hard\libc_nano.a(lib_a-impure.o)
                              d:/microwilkin/programa/stm32cubeide_1.12.1/stm32cubeide/plugins/com.st.stm32cube.ide.mcu.externaltools.gnu-tools-for-stm32.10.3-2021.10.win32_1.0.200.202301161003/tools/bin/../lib/gcc/arm-none-eabi/10.3.1/../../../../arm-none-eabi/lib/thumb/v7e-m+fp/hard\libc_nano.a(lib_a-exit.o) (_global_impure_ptr)
d:/microwilkin/programa/stm32cubeide_1.12.1/stm32cubeide/plugins/com.st.stm32cube.ide.mcu.externaltools.gnu-tools-for-stm32.10.3-2021.10.win32_1.0.200.202301161003/tools/bin/../lib/gcc/arm-none-eabi/10.3.1/../../../../arm-none-eabi/lib/thumb/v7e-m+fp/hard\libc_nano.a(lib_a-init.o)
                              d:/microwilkin/programa/stm32cubeide_1.12.1/stm32cubeide/plugins/com.st.stm32cube.ide.mcu.externaltools.gnu-tools-for-stm32.10.3-2021.10.win32_1.0.200.202301161003/tools/bin/../lib/gcc/arm-none-eabi/10.3.1/../../../../arm-none-eabi/lib/thumb/v7e-m+fp/hard/crt0.o (__libc_init_array)
d:/microwilkin/programa/stm32cubeide_1.12.1/stm32cubeide/plugins/com.st.stm32cube.ide.mcu.externaltools.gnu-tools-for-stm32.10.3-2021.10.win32_1.0.200.202301161003/tools/bin/../lib/gcc/arm-none-eabi/10.3.1/../../../../arm-none-eabi/lib/thumb/v7e-m+fp/hard\libc_nano.a(lib_a-memset.o)
                              d:/microwilkin/programa/stm32cubeide_1.12.1/stm32cubeide/plugins/com.st.stm32cube.ide.mcu.externaltools.gnu-tools-for-stm32.10.3-2021.10.win32_1.0.200.202301161003/tools/bin/../lib/gcc/arm-none-eabi/10.3.1/../../../../arm-none-eabi/lib/thumb/v7e-m+fp/hard/crt0.o (memset)
d:/microwilkin/programa/stm32cubeide_1.12.1/stm32cubeide/plugins/com.st.stm32cube.ide.mcu.externaltools.gnu-tools-for-stm32.10.3-2021.10.win32_1.0.200.202301161003/tools/bin/../lib/gcc/arm-none-eabi/10.3.1/../../../../arm-none-eabi/lib/thumb/v7e-m+fp/hard\libc_nano.a(lib_a-sprintf.o)
                              ./Core/Src/main.o (sprintf)
d:/microwilkin/programa/stm32cubeide_1.12.1/stm32cubeide/plugins/com.st.stm32cube.ide.mcu.externaltools.gnu-tools-for-stm32.10.3-2021.10.win32_1.0.200.202301161003/tools/bin/../lib/gcc/arm-none-eabi/10.3.1/../../../../arm-none-eabi/lib/thumb/v7e-m+fp/hard\libc_nano.a(lib_a-nano-svfprintf.o)
                              d:/microwilkin/programa/stm32cubeide_1.12.1/stm32cubeide/plugins/com.st.stm32cube.ide.mcu.externaltools.gnu-tools-for-stm32.10.3-2021.10.win32_1.0.200.202301161003/tools/bin/../lib/gcc/arm-none-eabi/10.3.1/../../../../arm-none-eabi/lib/thumb/v7e-m+fp/hard\libc_nano.a(lib_a-sprintf.o) (_svfprintf_r)
d:/microwilkin/programa/stm32cubeide_1.12.1/stm32cubeide/plugins/com.st.stm32cube.ide.mcu.externaltools.gnu-tools-for-stm32.10.3-2021.10.win32_1.0.200.202301161003/tools/bin/../lib/gcc/arm-none-eabi/10.3.1/../../../../arm-none-eabi/lib/thumb/v7e-m+fp/hard\libc_nano.a(lib_a-nano-vfprintf_i.o)
                              d:/microwilkin/programa/stm32cubeide_1.12.1/stm32cubeide/plugins/com.st.stm32cube.ide.mcu.externaltools.gnu-tools-for-stm32.10.3-2021.10.win32_1.0.200.202301161003/tools/bin/../lib/gcc/arm-none-eabi/10.3.1/../../../../arm-none-eabi/lib/thumb/v7e-m+fp/hard\libc_nano.a(lib_a-nano-svfprintf.o) (_printf_i)
d:/microwilkin/programa/stm32cubeide_1.12.1/stm32cubeide/plugins/com.st.stm32cube.ide.mcu.externaltools.gnu-tools-for-stm32.10.3-2021.10.win32_1.0.200.202301161003/tools/bin/../lib/gcc/arm-none-eabi/10.3.1/../../../../arm-none-eabi/lib/thumb/v7e-m+fp/hard\libc_nano.a(lib_a-memchr.o)
                              d:/microwilkin/programa/stm32cubeide_1.12.1/stm32cubeide/plugins/com.st.stm32cube.ide.mcu.externaltools.gnu-tools-for-stm32.10.3-2021.10.win32_1.0.200.202301161003/tools/bin/../lib/gcc/arm-none-eabi/10.3.1/../../../../arm-none-eabi/lib/thumb/v7e-m+fp/hard\libc_nano.a(lib_a-nano-svfprintf.o) (memchr)
[...]
Memory Configuration

Name             Origin             Length             Attributes
RAM              0x0000000020000000 0x0000000000004000 xrw
FLASH            0x0000000008000000 0x0000000000010000 xr
*default*        0x0000000000000000 0xffffffffffffffff

Linker script and memory map

LOAD d:/microwilkin/programa/stm32cubeide_1.12.1/stm32cubeide/plugins/com.st.stm32cube.ide.mcu.externaltools.gnu-tools-for-stm32.10.3-2021.10.win32_1.0.200.202301161003/tools/bin/../lib/gcc/arm-none-eabi/10.3.1/thumb/v7e-m+fp/hard/crti.o
LOAD d:/microwilkin/programa/stm32cubeide_1.12.1/stm32cubeide/plugins/com.st.stm32cube.ide.mcu.externaltools.gnu-tools-for-stm32.10.3-2021.10.win32_1.0.200.202301161003/tools/bin/../lib/gcc/arm-none-eabi/10.3.1/thumb/v7e-m+fp/hard/crtbegin.o
LOAD d:/microwilkin/programa/stm32cubeide_1.12.1/stm32cubeide/plugins/com.st.stm32cube.ide.mcu.externaltools.gnu-tools-for-stm32.10.3-2021.10.win32_1.0.200.202301161003/tools/bin/../lib/gcc/arm-none-eabi/10.3.1/../../../../arm-none-eabi/lib/thumb/v7e-m+fp/hard/crt0.o
LOAD ./Core/Src/adc.o
LOAD ./Core/Src/dac.o
LOAD ./Core/Src/dma.o
LOAD ./Core/Src/gpio.o
LOAD ./Core/Src/i2c-lcd.o
LOAD ./Core/Src/i2c.o
LOAD ./Core/Src/main.o
LOAD ./Core/Src/max_matrix_stm32.o
LOAD ./Core/Src/stm32f3xx_hal_msp.o
LOAD ./Core/Src/stm32f3xx_it.o
LOAD ./Core/Src/syscalls.o
LOAD ./Core/Src/sysmem.o
LOAD ./Core/Src/system_stm32f3xx.o
LOAD ./Core/Src/tim.o
LOAD ./Core/Src/usart.o
LOAD ./Core/Startup/startup_stm32f302r8tx.o
LOAD ./Drivers/STM32F3xx_HAL_Driver/Src/stm32f3xx_hal.o
LOAD ./Drivers/STM32F3xx_HAL_Driver/Src/stm32f3xx_hal_adc.o
LOAD ./Drivers/STM32F3xx_HAL_Driver/Src/stm32f3xx_hal_adc_ex.o
LOAD ./Drivers/STM32F3xx_HAL_Driver/Src/stm32f3xx_hal_cortex.o
LOAD ./Drivers/STM32F3xx_HAL_Driver/Src/stm32f3xx_hal_dac.o
LOAD ./Drivers/STM32F3xx_HAL_Driver/Src/stm32f3xx_hal_dac_ex.o
LOAD ./Drivers/STM32F3xx_HAL_Driver/Src/stm32f3xx_hal_dma.o
LOAD ./Drivers/STM32F3xx_HAL_Driver/Src/stm32f3xx_hal_exti.o
LOAD ./Drivers/STM32F3xx_HAL_Driver/Src/stm32f3xx_hal_flash.o
LOAD ./Drivers/STM32F3xx_HAL_Driver/Src/stm32f3xx_hal_flash_ex.o
LOAD ./Drivers/STM32F3xx_HAL_Driver/Src/stm32f3xx_hal_gpio.o
LOAD ./Drivers/STM32F3xx_HAL_Driver/Src/stm32f3xx_hal_i2c.o
LOAD ./Drivers/STM32F3xx_HAL_Driver/Src/stm32f3xx_hal_i2c_ex.o
LOAD ./Drivers/STM32F3xx_HAL_Driver/Src/stm32f3xx_hal_pwr.o
LOAD ./Drivers/STM32F3xx_HAL_Driver/Src/stm32f3xx_hal_pwr_ex.o
LOAD ./Drivers/STM32F3xx_HAL_Driver/Src/stm32f3xx_hal_rcc.o
LOAD ./Drivers/STM32F3xx_HAL_Driver/Src/stm32f3xx_hal_rcc_ex.o
LOAD ./Drivers/STM32F3xx_HAL_Driver/Src/stm32f3xx_hal_tim.o
LOAD ./Drivers/STM32F3xx_HAL_Driver/Src/stm32f3xx_hal_tim_ex.o
LOAD ./Drivers/STM32F3xx_HAL_Driver/Src/stm32f3xx_hal_uart.o
LOAD ./Drivers/STM32F3xx_HAL_Driver/Src/stm32f3xx_hal_uart_ex.o
START GROUP
LOAD d:/microwilkin/programa/stm32cubeide_1.12.1/stm32cubeide/plugins/com.st.stm32cube.ide.mcu.externaltools.gnu-tools-for-stm32.10.3-2021.10.win32_1.0.200.202301161003/tools/bin/../lib/gcc/arm-none-eabi/10.3.1/../../../../arm-none-eabi/lib/thumb/v7e-m+fp/hard\libc_nano.a
LOAD d:/microwilkin/programa/stm32cubeide_1.12.1/stm32cubeide/plugins/com.st.stm32cube.ide.mcu.externaltools.gnu-tools-for-stm32.10.3-2021.10.win32_1.0.200.202301161003/tools/bin/../lib/gcc/arm-none-eabi/10.3.1/../../../../arm-none-eabi/lib/thumb/v7e-m+fp/hard\libm.a
END GROUP
START GROUP
LOAD d:/microwilkin/programa/stm32cubeide_1.12.1/stm32cubeide/plugins/com.st.stm32cube.ide.mcu.externaltools.gnu-tools-for-stm32.10.3-2021.10.win32_1.0.200.202301161003/tools/bin/../lib/gcc/arm-none-eabi/10.3.1/thumb/v7e-m+fp/hard\libgcc.a
LOAD d:/microwilkin/programa/stm32cubeide_1.12.1/stm32cubeide/plugins/com.st.stm32cube.ide.mcu.externaltools.gnu-tools-for-stm32.10.3-2021.10.win32_1.0.200.202301161003/tools/bin/../lib/gcc/arm-none-eabi/10.3.1/../../../../arm-none-eabi/lib/thumb/v7e-m+fp/hard\libc_nano.a
END GROUP
START GROUP
LOAD d:/microwilkin/programa/stm32cubeide_1.12.1/stm32cubeide/plugins/com.st.stm32cube.ide.mcu.externaltools.gnu-tools-for-stm32.10.3-2021.10.win32_1.0.200.202301161003/tools/bin/../lib/gcc/arm-none-eabi/10.3.1/thumb/v7e-m+fp/hard\libgcc.a
LOAD d:/microwilkin/programa/stm32cubeide_1.12.1/stm32cubeide/plugins/com.st.stm32cube.ide.mcu.externaltools.gnu-tools-for-stm32.10.3-2021.10.win32_1.0.200.202301161003/tools/bin/../lib/gcc/arm-none-eabi/10.3.1/../../../../arm-none-eabi/lib/thumb/v7e-m+fp/hard\libc_nano.a
LOAD d:/microwilkin/programa/stm32cubeide_1.12.1/stm32cubeide/plugins/com.st.stm32cube.ide.mcu.externaltools.gnu-tools-for-stm32.10.3-2021.10.win32_1.0.200.202301161003/tools/bin/../lib/gcc/arm-none-eabi/10.3.1/../../../../arm-none-eabi/lib/thumb/v7e-m+fp/hard\libnosys.a
END GROUP
START GROUP
LOAD d:/microwilkin/programa/stm32cubeide_1.12.1/stm32cubeide/plugins/com.st.stm32cube.ide.mcu.externaltools.gnu-tools-for-stm32.10.3-2021.10.win32_1.0.200.202301161003/tools/bin/../lib/gcc/arm-none-eabi/10.3.1/thumb/v7e-m+fp/hard\libgcc.a
LOAD d:/microwilkin/programa/stm32cubeide_1.12.1/stm32cubeide/plugins/com.st.stm32cube.ide.mcu.externaltools.gnu-tools-for-stm32.10.3-2021.10.win32_1.0.200.202301161003/tools/bin/../lib/gcc/arm-none-eabi/10.3.1/../../../../arm-none-eabi/lib/thumb/v7e-m+fp/hard\libc_nano.a
LOAD d:/microwilkin/programa/stm32cubeide_1.12.1/stm32cubeide/plugins/com.st.stm32cube.ide.mcu.externaltools.gnu-tools-for-stm32.10.3-2021.10.win32_1.0.200.202301161003/tools/bin/../lib/gcc/arm-none-eabi/10.3.1/../../../../arm-none-eabi/lib/thumb/v7e-m+fp/hard\libnosys.a
END GROUP
LOAD d:/microwilkin/programa/stm32cubeide_1.12.1/stm32cubeide/plugins/com.st.stm32cube.ide.mcu.externaltools.gnu-tools-for-stm32.10.3-2021.10.win32_1.0.200.202301161003/tools/bin/../lib/gcc/arm-none-eabi/10.3.1/thumb/v7e-m+fp/hard/crtend.o
LOAD d:/microwilkin/programa/stm32cubeide_1.12.1/stm32cubeide/plugins/com.st.stm32cube.ide.mcu.externaltools.gnu-tools-for-stm32.10.3-2021.10.win32_1.0.200.202301161003/tools/bin/../lib/gcc/arm-none-eabi/10.3.1/thumb/v7e-m+fp/hard/crtn.o
                0x0000000020004000                _estack = (ORIGIN (RAM) + LENGTH (RAM))
                0x0000000000000200                _Min_Heap_Size = 0x200
                0x0000000000000400                _Min_Stack_Size = 0x400

.isr_vector     0x0000000008000000      0x188
                0x0000000008000000                . = ALIGN (0x4)
 *(.isr_vector)
 .isr_vector    0x0000000008000000      0x188 ./Core/Startup/startup_stm32f302r8tx.o
                0x0000000008000000                g_pfnVectors
                0x0000000008000188                . = ALIGN (0x4)

.text           0x0000000008000190     0x8854
                0x0000000008000190                . = ALIGN (0x4)
 *(.text)
 .text          0x0000000008000190       0x40 d:/microwilkin/programa/stm32cubeide_1.12.1/stm32cubeide/plugins/com.st.stm32cube.ide.mcu.externaltools.gnu-tools-for-stm32.10.3-2021.10.win32_1.0.200.202301161003/tools/bin/../lib/gcc/arm-none-eabi/10.3.1/thumb/v7e-m+fp/hard/crtbegin.o
 .text          0x00000000080001d0       0xa0 d:/microwilkin/programa/stm32cubeide_1.12.1/stm32cubeide/plugins/com.st.stm32cube.ide.mcu.externaltools.gnu-tools-for-stm32.10.3-2021.10.win32_1.0.200.202301161003/tools/bin/../lib/gcc/arm-none-eabi/10.3.1/../../../../arm-none-eabi/lib/thumb/v7e-m+fp/hard\libc_nano.a(lib_a-memchr.o)
                0x00000000080001d0                memchr
 .text          0x0000000008000270      0x378 d:/microwilkin/programa/stm32cubeide_1.12.1/stm32cubeide/plugins/com.st.stm32cube.ide.mcu.externaltools.gnu-tools-for-stm32.10.3-2021.10.win32_1.0.200.202301161003/tools/bin/../lib/gcc/arm-none-eabi/10.3.1/thumb/v7e-m+fp/hard\libgcc.a(_arm_addsubdf3.o)
                0x0000000008000270                __aeabi_drsub
                0x0000000008000278                __aeabi_dsub
                0x0000000008000278                __subdf3
                0x000000000800027c                __aeabi_dadd
                0x000000000800027c                __adddf3
                0x00000000080004f4                __floatunsidf
                0x00000000080004f4                __aeabi_ui2d
                0x0000000008000514                __floatsidf
                0x0000000008000514                __aeabi_i2d
                0x0000000008000538                __aeabi_f2d
                0x0000000008000538                __extendsfdf2
                0x000000000800057c                __floatundidf
                0x000000000800057c                __aeabi_ul2d
                0x000000000800058c                __floatdidf
                0x000000000800058c                __aeabi_l2d
 .text          0x00000000080005e8      0x424 d:/microwilkin/programa/stm32cubeide_1.12.1/stm32cubeide/plugins/com.st.stm32cube.ide.mcu.externaltools.gnu-tools-for-stm32.10.3-2021.10.win32_1.0.200.202301161003/tools/bin/../lib/gcc/arm-none-eabi/10.3.1/thumb/v7e-m+fp/hard\libgcc.a(_arm_muldivdf3.o)
                0x00000000080005e8                __aeabi_dmul
                0x00000000080005e8                __muldf3
                0x000000000800083c                __divdf3
                0x000000000800083c                __aeabi_ddiv
 .text          0x0000000008000a0c      0x110 d:/microwilkin/programa/stm32cubeide_1.12.1/stm32cubeide/plugins/com.st.stm32cube.ide.mcu.externaltools.gnu-tools-for-stm32.10.3-2021.10.win32_1.0.200.202301161003/tools/bin/../lib/gcc/arm-none-eabi/10.3.1/thumb/v7e-m+fp/hard\libgcc.a(_arm_cmpdf2.o)
                0x0000000008000a0c                __gtdf2
                0x0000000008000a0c                __gedf2
                0x0000000008000a14                __ltdf2
                0x0000000008000a14                __ledf2
                0x0000000008000a1c                __nedf2
                0x0000000008000a1c                __eqdf2
                0x0000000008000a1c                __cmpdf2
                0x0000000008000a98                __aeabi_cdrcmple
                0x0000000008000aa8                __aeabi_cdcmpeq
                0x0000000008000aa8                __aeabi_cdcmple
                0x0000000008000ab8                __aeabi_dcmpeq
                0x0000000008000acc                __aeabi_dcmplt
                0x0000000008000ae0                __aeabi_dcmple
                0x0000000008000af4                __aeabi_dcmpge
                0x0000000008000b08                __aeabi_dcmpgt
 .text          0x0000000008000b1c       0x50 d:/microwilkin/programa/stm32cubeide_1.12.1/stm32cubeide/plugins/com.st.stm32cube.ide.mcu.externaltools.gnu-tools-for-stm32.10.3-2021.10.win32_1.0.200.202301161003/tools/bin/../lib/gcc/arm-none-eabi/10.3.1/thumb/v7e-m+fp/hard\libgcc.a(_arm_fixdfsi.o)
                0x0000000008000b1c                __aeabi_d2iz
                0x0000000008000b1c                __fixdfsi
 .text          0x0000000008000b6c       0x40 d:/microwilkin/programa/stm32cubeide_1.12.1/stm32cubeide/plugins/com.st.stm32cube.ide.mcu.externaltools.gnu-tools-for-stm32.10.3-2021.10.win32_1.0.200.202301161003/tools/bin/../lib/gcc/arm-none-eabi/10.3.1/thumb/v7e-m+fp/hard\libgcc.a(_arm_fixunsdfsi.o)
                0x0000000008000b6c                __aeabi_d2uiz
                0x0000000008000b6c                __fixunsdfsi
 *(.text*)
 .text.MX_ADC1_Init
                0x0000000008000bac       0xb8 ./Core/Src/adc.o
                0x0000000008000bac                MX_ADC1_Init
 .text.HAL_ADC_MspInit
                0x0000000008000c64       0xd0 ./Core/Src/adc.o
                0x0000000008000c64                HAL_ADC_MspInit
 .text.MX_DAC_Init
                0x0000000008000d34       0x54 ./Core/Src/dac.o
                0x0000000008000d34                MX_DAC_Init
 .text.HAL_DAC_MspInit
                0x0000000008000d88       0xe4 ./Core/Src/dac.o
                0x0000000008000d88                HAL_DAC_MspInit
 .text.MX_DMA_Init
                0x0000000008000e6c       0x4c ./Core/Src/dma.o
                0x0000000008000e6c                MX_DMA_Init
 .text.MX_GPIO_Init
                0x0000000008000eb8      0x118 ./Core/Src/gpio.o
                0x0000000008000eb8                MX_GPIO_Init
 .text.lcd_send_cmd
                0x0000000008000fd0       0x60 ./Core/Src/i2c-lcd.o
                0x0000000008000fd0                lcd_send_cmd
 .text.lcd_send_data
                0x0000000008001030       0x60 ./Core/Src/i2c-lcd.o
                0x0000000008001030                lcd_send_data
 .text.lcd_clear
                0x0000000008001090       0x2e ./Core/Src/i2c-lcd.o
                0x0000000008001090                lcd_clear
 .text.lcd_put_cur
                0x00000000080010be       0x3e ./Core/Src/i2c-lcd.o
                0x00000000080010be                lcd_put_cur
 .text.lcd_init
                0x00000000080010fc       0x7a ./Core/Src/i2c-lcd.o
                0x00000000080010fc                lcd_init
 .text.lcd_send_string
                0x0000000008001176       0x2a ./Core/Src/i2c-lcd.o
                0x0000000008001176                lcd_send_string
 .text.MX_I2C1_Init
                0x00000000080011a0       0x80 ./Core/Src/i2c.o
                0x00000000080011a0                MX_I2C1_Init
 .text.HAL_I2C_MspInit
                0x0000000008001220       0x88 ./Core/Src/i2c.o
                0x0000000008001220                HAL_I2C_MspInit
 .text.c_wave_square_
                0x00000000080012a8       0x98 ./Core/Src/main.o
                0x00000000080012a8                c_wave_square_
 .text.c_wave_triangle_
                0x0000000008001340      0x110 ./Core/Src/main.o
                0x0000000008001340                c_wave_triangle_
 .text.main     0x0000000008001450      0xeb8 ./Core/Src/main.o
                0x0000000008001450                main
 .text.c_wave_sine_
                0x0000000008002308       0xcc ./Core/Src/main.o
                0x0000000008002308                c_wave_sine_
 .text.SystemClock_Config
                0x00000000080023d4       0xbe ./Core/Src/main.o
                0x00000000080023d4                SystemClock_Config
 .text.Error_Handler
                0x0000000008002492        0xa ./Core/Src/main.o
                0x0000000008002492                Error_Handler
 .text.write_byte
                0x000000000800249c       0x58 ./Core/Src/max_matrix_stm32.o
                0x000000000800249c                write_byte
 .text.write_max_cmd
                0x00000000080024f4       0x5c ./Core/Src/max_matrix_stm32.o
                0x00000000080024f4                write_max_cmd
 .text.setled   0x0000000008002550       0xd4 ./Core/Src/max_matrix_stm32.o
                0x0000000008002550                setled
 .text.setrow   0x0000000008002624       0xa0 ./Core/Src/max_matrix_stm32.o
                0x0000000008002624                setrow
 .text.max_clear
                0x00000000080026c4       0x5c ./Core/Src/max_matrix_stm32.o
                0x00000000080026c4                max_clear
 .text.max_init
                0x0000000008002720       0x40 ./Core/Src/max_matrix_stm32.o
                0x0000000008002720                max_init
 .text.HAL_MspInit
                0x0000000008002760       0x48 ./Core/Src/stm32f3xx_hal_msp.o
                0x0000000008002760                HAL_MspInit
 .text.NMI_Handler
                0x00000000080027a8        0x6 ./Core/Src/stm32f3xx_it.o
                0x00000000080027a8                NMI_Handler
 .text.HardFault_Handler
                0x00000000080027ae        0x6 ./Core/Src/stm32f3xx_it.o
                0x00000000080027ae                HardFault_Handler
 .text.MemManage_Handler
                0x00000000080027b4        0x6 ./Core/Src/stm32f3xx_it.o
                0x00000000080027b4                MemManage_Handler
 .text.BusFault_Handler
                0x00000000080027ba        0x6 ./Core/Src/stm32f3xx_it.o
                0x00000000080027ba                BusFault_Handler
 .text.UsageFault_Handler
                0x00000000080027c0        0x6 ./Core/Src/stm32f3xx_it.o
                0x00000000080027c0                UsageFault_Handler
 .text.SVC_Handler
                0x00000000080027c6        0xe ./Core/Src/stm32f3xx_it.o
                0x00000000080027c6                SVC_Handler
 .text.DebugMon_Handler
                0x00000000080027d4        0xe ./Core/Src/stm32f3xx_it.o
                0x00000000080027d4                DebugMon_Handler
 .text.PendSV_Handler
                0x00000000080027e2        0xe ./Core/Src/stm32f3xx_it.o
                0x00000000080027e2                PendSV_Handler
 .text.SysTick_Handler
                0x00000000080027f0        0xc ./Core/Src/stm32f3xx_it.o
                0x00000000080027f0                SysTick_Handler
 .text.DMA1_Channel1_IRQHandler
                0x00000000080027fc       0x14 ./Core/Src/stm32f3xx_it.o
                0x00000000080027fc                DMA1_Channel1_IRQHandler
 .text.DMA1_Channel3_IRQHandler
                0x0000000008002810       0x14 ./Core/Src/stm32f3xx_it.o
                0x0000000008002810                DMA1_Channel3_IRQHandler
 .text.TIM2_IRQHandler
                0x0000000008002824       0x14 ./Core/Src/stm32f3xx_it.o
                0x0000000008002824                TIM2_IRQHandler
 .text._sbrk    0x0000000008002838       0x6c ./Core/Src/sysmem.o
                0x0000000008002838                _sbrk
 .text.SystemInit
                0x00000000080028a4       0x24 ./Core/Src/system_stm32f3xx.o
                0x00000000080028a4                SystemInit
 .text.MX_TIM2_Init
                0x00000000080028c8       0xa8 ./Core/Src/tim.o
                0x00000000080028c8                MX_TIM2_Init
 .text.HAL_TIM_Encoder_MspInit
                0x0000000008002970       0x90 ./Core/Src/tim.o
                0x0000000008002970                HAL_TIM_Encoder_MspInit
 .text.MX_USART2_UART_Init
                0x0000000008002a00       0x60 ./Core/Src/usart.o
                0x0000000008002a00                MX_USART2_UART_Init
 .text.HAL_UART_MspInit
                0x0000000008002a60       0x84 ./Core/Src/usart.o
                0x0000000008002a60                HAL_UART_MspInit
 .text.Reset_Handler
                0x0000000008002ae4       0x50 ./Core/Startup/startup_stm32f302r8tx.o
                0x0000000008002ae4                Reset_Handler
 .text.Default_Handler
                0x0000000008002b34        0x2 ./Core/Startup/startup_stm32f302r8tx.o
                0x0000000008002b34                RTC_Alarm_IRQHandler
                0x0000000008002b34                TIM1_CC_IRQHandler
                0x0000000008002b34                USB_HP_IRQHandler
                0x0000000008002b34                PVD_IRQHandler
                0x0000000008002b34                TAMP_STAMP_IRQHandler
                0x0000000008002b34                EXTI3_IRQHandler
                0x0000000008002b34                I2C3_ER_IRQHandler
                0x0000000008002b34                USB_HP_CAN_TX_IRQHandler
                0x0000000008002b34                EXTI0_IRQHandler
                0x0000000008002b34                I2C2_EV_IRQHandler
                0x0000000008002b34                FPU_IRQHandler
                0x0000000008002b34                TIM1_UP_TIM16_IRQHandler
                0x0000000008002b34                CAN_SCE_IRQHandler
                0x0000000008002b34                TIM6_DAC_IRQHandler
                0x0000000008002b34                DMA1_Channel4_IRQHandler
                0x0000000008002b34                ADC1_IRQHandler
                0x0000000008002b34                USART3_IRQHandler
                0x0000000008002b34                DMA1_Channel7_IRQHandler
                0x0000000008002b34                CAN_RX1_IRQHandler
                0x0000000008002b34                I2C1_EV_IRQHandler
                0x0000000008002b34                DMA1_Channel6_IRQHandler
                0x0000000008002b34                RCC_IRQHandler
                0x0000000008002b34                Default_Handler
                0x0000000008002b34                USBWakeUp_RMP_IRQHandler
                0x0000000008002b34                EXTI15_10_IRQHandler
                0x0000000008002b34                COMP2_IRQHandler
                0x0000000008002b34                I2C3_EV_IRQHandler
                0x0000000008002b34                EXTI9_5_IRQHandler
                0x0000000008002b34                RTC_WKUP_IRQHandler
                0x0000000008002b34                SPI2_IRQHandler
                0x0000000008002b34                USB_LP_CAN_RX0_IRQHandler
                0x0000000008002b34                DMA1_Channel5_IRQHandler
                0x0000000008002b34                USB_LP_IRQHandler
                0x0000000008002b34                EXTI4_IRQHandler
                0x0000000008002b34                TIM1_TRG_COM_TIM17_IRQHandler
                0x0000000008002b34                WWDG_IRQHandler
                0x0000000008002b34                EXTI1_IRQHandler
                0x0000000008002b34                COMP4_6_IRQHandler
                0x0000000008002b34                USART2_IRQHandler
                0x0000000008002b34                I2C2_ER_IRQHandler
                0x0000000008002b34                DMA1_Channel2_IRQHandler
                0x0000000008002b34                FLASH_IRQHandler
                0x0000000008002b34                USART1_IRQHandler
                0x0000000008002b34                SPI3_IRQHandler
                0x0000000008002b34                I2C1_ER_IRQHandler
                0x0000000008002b34                USBWakeUp_IRQHandler
                0x0000000008002b34                EXTI2_TSC_IRQHandler
                0x0000000008002b34                TIM1_BRK_TIM15_IRQHandler
 *fill*         0x0000000008002b36        0x2 
 .text.HAL_Init
                0x0000000008002b38       0x2c ./Drivers/STM32F3xx_HAL_Driver/Src/stm32f3xx_hal.o
                0x0000000008002b38                HAL_Init
 .text.HAL_InitTick
                0x0000000008002b64       0x60 ./Drivers/STM32F3xx_HAL_Driver/Src/stm32f3xx_hal.o
                0x0000000008002b64                HAL_InitTick
 .text.HAL_IncTick
                0x0000000008002bc4       0x28 ./Drivers/STM32F3xx_HAL_Driver/Src/stm32f3xx_hal.o
                0x0000000008002bc4                HAL_IncTick
 .text.HAL_GetTick
                0x0000000008002bec       0x18 ./Drivers/STM32F3xx_HAL_Driver/Src/stm32f3xx_hal.o
                0x0000000008002bec                HAL_GetTick
 .text.HAL_Delay
                0x0000000008002c04       0x48 ./Drivers/STM32F3xx_HAL_Driver/Src/stm32f3xx_hal.o
                0x0000000008002c04                HAL_Delay
 .text.HAL_ADC_Init
                0x0000000008002c4c      0x30c ./Drivers/STM32F3xx_HAL_Driver/Src/stm32f3xx_hal_adc_ex.o
                0x0000000008002c4c                HAL_ADC_Init
 .text.HAL_ADC_ConfigChannel
                0x0000000008002f58      0x56c ./Drivers/STM32F3xx_HAL_Driver/Src/stm32f3xx_hal_adc_ex.o
                0x0000000008002f58                HAL_ADC_ConfigChannel
 .text.ADC_Disable
                0x00000000080034c4       0xcc ./Drivers/STM32F3xx_HAL_Driver/Src/stm32f3xx_hal_adc_ex.o
 .text.__NVIC_SetPriorityGrouping
                0x0000000008003590       0x48 ./Drivers/STM32F3xx_HAL_Driver/Src/stm32f3xx_hal_cortex.o
 .text.__NVIC_GetPriorityGrouping
                0x00000000080035d8       0x1c ./Drivers/STM32F3xx_HAL_Driver/Src/stm32f3xx_hal_cortex.o
 .text.__NVIC_EnableIRQ
                0x00000000080035f4       0x3c ./Drivers/STM32F3xx_HAL_Driver/Src/stm32f3xx_hal_cortex.o
 .text.__NVIC_SetPriority
                0x0000000008003630       0x54 ./Drivers/STM32F3xx_HAL_Driver/Src/stm32f3xx_hal_cortex.o
 .text.NVIC_EncodePriority
                0x0000000008003684       0x66 ./Drivers/STM32F3xx_HAL_Driver/Src/stm32f3xx_hal_cortex.o
 *fill*         0x00000000080036ea        0x2 
 .text.SysTick_Config
                0x00000000080036ec       0x44 ./Drivers/STM32F3xx_HAL_Driver/Src/stm32f3xx_hal_cortex.o
 .text.HAL_NVIC_SetPriorityGrouping
                0x0000000008003730       0x16 ./Drivers/STM32F3xx_HAL_Driver/Src/stm32f3xx_hal_cortex.o
                0x0000000008003730                HAL_NVIC_SetPriorityGrouping
 .text.HAL_NVIC_SetPriority
                0x0000000008003746       0x38 ./Drivers/STM32F3xx_HAL_Driver/Src/stm32f3xx_hal_cortex.o
                0x0000000008003746                HAL_NVIC_SetPriority
 .text.HAL_NVIC_EnableIRQ
                0x000000000800377e       0x1c ./Drivers/STM32F3xx_HAL_Driver/Src/stm32f3xx_hal_cortex.o
                0x000000000800377e                HAL_NVIC_EnableIRQ
 .text.HAL_SYSTICK_Config
                0x000000000800379a       0x18 ./Drivers/STM32F3xx_HAL_Driver/Src/stm32f3xx_hal_cortex.o
                0x000000000800379a                HAL_SYSTICK_Config
 .text.HAL_DAC_Init
                0x00000000080037b2       0x44 ./Drivers/STM32F3xx_HAL_Driver/Src/stm32f3xx_hal_dac.o
                0x00000000080037b2                HAL_DAC_Init
 .text.HAL_DAC_ConvCpltCallbackCh1
                0x00000000080037f6       0x14 ./Drivers/STM32F3xx_HAL_Driver/Src/stm32f3xx_hal_dac.o
                0x00000000080037f6                HAL_DAC_ConvCpltCallbackCh1
 .text.HAL_DAC_ConvHalfCpltCallbackCh1
                0x000000000800380a       0x14 ./Drivers/STM32F3xx_HAL_Driver/Src/stm32f3xx_hal_dac.o
                0x000000000800380a                HAL_DAC_ConvHalfCpltCallbackCh1
 .text.HAL_DAC_ErrorCallbackCh1
                0x000000000800381e       0x14 ./Drivers/STM32F3xx_HAL_Driver/Src/stm32f3xx_hal_dac.o
                0x000000000800381e                HAL_DAC_ErrorCallbackCh1
 *fill*         0x0000000008003832        0x2 
 .text.HAL_DAC_Start_DMA
                0x0000000008003834       0xdc ./Drivers/STM32F3xx_HAL_Driver/Src/stm32f3xx_hal_dac_ex.o
                0x0000000008003834                HAL_DAC_Start_DMA
 .text.HAL_DAC_ConfigChannel
                0x0000000008003910       0x9a ./Drivers/STM32F3xx_HAL_Driver/Src/stm32f3xx_hal_dac_ex.o
                0x0000000008003910                HAL_DAC_ConfigChannel
 .text.DAC_DMAConvCpltCh1
                0x00000000080039aa       0x22 ./Drivers/STM32F3xx_HAL_Driver/Src/stm32f3xx_hal_dac_ex.o
 .text.DAC_DMAHalfConvCpltCh1
                0x00000000080039cc       0x1c ./Drivers/STM32F3xx_HAL_Driver/Src/stm32f3xx_hal_dac_ex.o
 .text.DAC_DMAErrorCh1
                0x00000000080039e8       0x2e ./Drivers/STM32F3xx_HAL_Driver/Src/stm32f3xx_hal_dac_ex.o
 .text.HAL_DMA_Init
                0x0000000008003a16       0x8e ./Drivers/STM32F3xx_HAL_Driver/Src/stm32f3xx_hal_dma.o
                0x0000000008003a16                HAL_DMA_Init
 .text.HAL_DMA_Start_IT
                0x0000000008003aa4       0xbe ./Drivers/STM32F3xx_HAL_Driver/Src/stm32f3xx_hal_dma.o
                0x0000000008003aa4                HAL_DMA_Start_IT
 .text.HAL_DMA_IRQHandler
                0x0000000008003b62      0x146 ./Drivers/STM32F3xx_HAL_Driver/Src/stm32f3xx_hal_dma.o
                0x0000000008003b62                HAL_DMA_IRQHandler
 .text.DMA_SetConfig
                0x0000000008003ca8       0x5c ./Drivers/STM32F3xx_HAL_Driver/Src/stm32f3xx_hal_dma.o
 .text.DMA_CalcBaseAndBitshift
                0x0000000008003d04       0x40 ./Drivers/STM32F3xx_HAL_Driver/Src/stm32f3xx_hal_dma.o
 .text.HAL_GPIO_Init
                0x0000000008003d44      0x2e4 ./Drivers/STM32F3xx_HAL_Driver/Src/stm32f3xx_hal_gpio.o
                0x0000000008003d44                HAL_GPIO_Init
 .text.HAL_GPIO_ReadPin
                0x0000000008004028       0x30 ./Drivers/STM32F3xx_HAL_Driver/Src/stm32f3xx_hal_gpio.o
                0x0000000008004028                HAL_GPIO_ReadPin
 .text.HAL_GPIO_WritePin
                0x0000000008004058       0x30 ./Drivers/STM32F3xx_HAL_Driver/Src/stm32f3xx_hal_gpio.o
                0x0000000008004058                HAL_GPIO_WritePin
 .text.HAL_I2C_Init
                0x0000000008004088      0x11e ./Drivers/STM32F3xx_HAL_Driver/Src/stm32f3xx_hal_i2c.o
                0x0000000008004088                HAL_I2C_Init
 *fill*         0x00000000080041a6        0x2 
 .text.HAL_I2C_Master_Transmit
                0x00000000080041a8      0x1e8 ./Drivers/STM32F3xx_HAL_Driver/Src/stm32f3xx_hal_i2c.o
                0x00000000080041a8                HAL_I2C_Master_Transmit
 .text.I2C_Flush_TXDR
                0x0000000008004390       0x48 ./Drivers/STM32F3xx_HAL_Driver/Src/stm32f3xx_hal_i2c.o
 .text.I2C_WaitOnFlagUntilTimeout
                0x00000000080043d8       0x9e ./Drivers/STM32F3xx_HAL_Driver/Src/stm32f3xx_hal_i2c.o
 .text.I2C_WaitOnTXISFlagUntilTimeout
                0x0000000008004476       0x8e ./Drivers/STM32F3xx_HAL_Driver/Src/stm32f3xx_hal_i2c.o
 .text.I2C_WaitOnSTOPFlagUntilTimeout
                0x0000000008004504       0x86 ./Drivers/STM32F3xx_HAL_Driver/Src/stm32f3xx_hal_i2c.o
 *fill*         0x000000000800458a        0x2 
 .text.I2C_IsErrorOccurred
                0x000000000800458c      0x1c0 ./Drivers/STM32F3xx_HAL_Driver/Src/stm32f3xx_hal_i2c.o
 .text.I2C_TransferConfig
                0x000000000800474c       0x64 ./Drivers/STM32F3xx_HAL_Driver/Src/stm32f3xx_hal_i2c.o
 .text.HAL_I2CEx_ConfigAnalogFilter
                0x00000000080047b0       0x96 ./Drivers/STM32F3xx_HAL_Driver/Src/stm32f3xx_hal_i2c_ex.o
                0x00000000080047b0                HAL_I2CEx_ConfigAnalogFilter
 .text.HAL_I2CEx_ConfigDigitalFilter
                0x0000000008004846       0x98 ./Drivers/STM32F3xx_HAL_Driver/Src/stm32f3xx_hal_i2c_ex.o
                0x0000000008004846                HAL_I2CEx_ConfigDigitalFilter
 *fill*         0x00000000080048de        0x2 
 .text.HAL_RCC_OscConfig
                0x00000000080048e0     0x107c ./Drivers/STM32F3xx_HAL_Driver/Src/stm32f3xx_hal_rcc.o
                0x00000000080048e0                HAL_RCC_OscConfig
 .text.HAL_RCC_ClockConfig
                0x000000000800595c      0x2f8 ./Drivers/STM32F3xx_HAL_Driver/Src/stm32f3xx_hal_rcc.o
                0x000000000800595c                HAL_RCC_ClockConfig
 .text.HAL_RCC_GetSysClockFreq
                0x0000000008005c54       0xd4 ./Drivers/STM32F3xx_HAL_Driver/Src/stm32f3xx_hal_rcc.o
                0x0000000008005c54                HAL_RCC_GetSysClockFreq
 .text.HAL_RCC_GetHCLKFreq
                0x0000000008005d28       0x18 ./Drivers/STM32F3xx_HAL_Driver/Src/stm32f3xx_hal_rcc.o
                0x0000000008005d28                HAL_RCC_GetHCLKFreq
 .text.HAL_RCC_GetPCLK1Freq
                0x0000000008005d40       0x44 ./Drivers/STM32F3xx_HAL_Driver/Src/stm32f3xx_hal_rcc.o
                0x0000000008005d40                HAL_RCC_GetPCLK1Freq
 .text.HAL_RCC_GetPCLK2Freq
                0x0000000008005d84       0x44 ./Drivers/STM32F3xx_HAL_Driver/Src/stm32f3xx_hal_rcc.o
                0x0000000008005d84                HAL_RCC_GetPCLK2Freq
 .text.HAL_RCCEx_PeriphCLKConfig
                0x0000000008005dc8      0x324 ./Drivers/STM32F3xx_HAL_Driver/Src/stm32f3xx_hal_rcc_ex.o
                0x0000000008005dc8                HAL_RCCEx_PeriphCLKConfig
 .text.HAL_TIM_Base_Start
                0x00000000080060ec       0x98 ./Drivers/STM32F3xx_HAL_Driver/Src/stm32f3xx_hal_tim.o
                0x00000000080060ec                HAL_TIM_Base_Start
 .text.HAL_TIM_Encoder_Init
                0x0000000008006184      0x14c ./Drivers/STM32F3xx_HAL_Driver/Src/stm32f3xx_hal_tim.o
                0x0000000008006184                HAL_TIM_Encoder_Init
 .text.HAL_TIM_Encoder_Start
                0x00000000080062d0      0x11c ./Drivers/STM32F3xx_HAL_Driver/Src/stm32f3xx_hal_tim.o
                0x00000000080062d0                HAL_TIM_Encoder_Start
 .text.HAL_TIM_IRQHandler
                0x00000000080063ec      0x23e ./Drivers/STM32F3xx_HAL_Driver/Src/stm32f3xx_hal_tim.o
                0x00000000080063ec                HAL_TIM_IRQHandler
 .text.HAL_TIM_PeriodElapsedCallback
                0x000000000800662a       0x14 ./Drivers/STM32F3xx_HAL_Driver/Src/stm32f3xx_hal_tim.o
                0x000000000800662a                HAL_TIM_PeriodElapsedCallback
 .text.HAL_TIM_OC_DelayElapsedCallback
                0x000000000800663e       0x14 ./Drivers/STM32F3xx_HAL_Driver/Src/stm32f3xx_hal_tim.o
                0x000000000800663e                HAL_TIM_OC_DelayElapsedCallback
 .text.HAL_TIM_IC_CaptureCallback
                0x0000000008006652       0x14 ./Drivers/STM32F3xx_HAL_Driver/Src/stm32f3xx_hal_tim.o
                0x0000000008006652                HAL_TIM_IC_CaptureCallback
 .text.HAL_TIM_PWM_PulseFinishedCallback
                0x0000000008006666       0x14 ./Drivers/STM32F3xx_HAL_Driver/Src/stm32f3xx_hal_tim.o
                0x0000000008006666                HAL_TIM_PWM_PulseFinishedCallback
 .text.HAL_TIM_TriggerCallback
                0x000000000800667a       0x14 ./Drivers/STM32F3xx_HAL_Driver/Src/stm32f3xx_hal_tim.o
                0x000000000800667a                HAL_TIM_TriggerCallback
 *fill*         0x000000000800668e        0x2 
 .text.TIM_Base_SetConfig
                0x0000000008006690       0xdc ./Drivers/STM32F3xx_HAL_Driver/Src/stm32f3xx_hal_tim.o
                0x0000000008006690                TIM_Base_SetConfig
 .text.TIM_CCxChannelCmd
                0x000000000800676c       0x4a ./Drivers/STM32F3xx_HAL_Driver/Src/stm32f3xx_hal_tim.o
                0x000000000800676c                TIM_CCxChannelCmd
 *fill*         0x00000000080067b6        0x2 
 .text.HAL_TIMEx_MasterConfigSynchronization
                0x00000000080067b8       0xcc ./Drivers/STM32F3xx_HAL_Driver/Src/stm32f3xx_hal_tim_ex.o
                0x00000000080067b8                HAL_TIMEx_MasterConfigSynchronization
 .text.HAL_TIMEx_CommutCallback
                0x0000000008006884       0x14 ./Drivers/STM32F3xx_HAL_Driver/Src/stm32f3xx_hal_tim_ex.o
                0x0000000008006884                HAL_TIMEx_CommutCallback
 .text.HAL_TIMEx_BreakCallback
                0x0000000008006898       0x14 ./Drivers/STM32F3xx_HAL_Driver/Src/stm32f3xx_hal_tim_ex.o
                0x0000000008006898                HAL_TIMEx_BreakCallback
 .text.HAL_TIMEx_Break2Callback
                0x00000000080068ac       0x14 ./Drivers/STM32F3xx_HAL_Driver/Src/stm32f3xx_hal_tim_ex.o
                0x00000000080068ac                HAL_TIMEx_Break2Callback
 .text.HAL_UART_Init
                0x00000000080068c0       0x9c ./Drivers/STM32F3xx_HAL_Driver/Src/stm32f3xx_hal_uart.o
                0x00000000080068c0                HAL_UART_Init
 .text.UART_SetConfig
                0x000000000800695c      0x26c ./Drivers/STM32F3xx_HAL_Driver/Src/stm32f3xx_hal_uart.o
                0x000000000800695c                UART_SetConfig
 .text.UART_AdvFeatureConfig
                0x0000000008006bc8      0x144 ./Drivers/STM32F3xx_HAL_Driver/Src/stm32f3xx_hal_uart.o
                0x0000000008006bc8                UART_AdvFeatureConfig
 .text.UART_CheckIdleState
                0x0000000008006d0c      0x150 ./Drivers/STM32F3xx_HAL_Driver/Src/stm32f3xx_hal_uart.o
                0x0000000008006d0c                UART_CheckIdleState
 .text.UART_WaitOnFlagUntilTimeout
                0x0000000008006e5c       0xce ./Drivers/STM32F3xx_HAL_Driver/Src/stm32f3xx_hal_uart.o
                0x0000000008006e5c                UART_WaitOnFlagUntilTimeout
 .text.UART_EndRxTransfer
                0x0000000008006f2a       0xc8 ./Drivers/STM32F3xx_HAL_Driver/Src/stm32f3xx_hal_uart.o
 *fill*         0x0000000008006ff2        0x2 
 .text.__errno  0x0000000008006ff4        0xc d:/microwilkin/programa/stm32cubeide_1.12.1/stm32cubeide/plugins/com.st.stm32cube.ide.mcu.externaltools.gnu-tools-for-stm32.10.3-2021.10.win32_1.0.200.202301161003/tools/bin/../lib/gcc/arm-none-eabi/10.3.1/../../../../arm-none-eabi/lib/thumb/v7e-m+fp/hard\libc_nano.a(lib_a-errno.o)
                0x0000000008006ff4                __errno
 .text.__libc_init_array
                0x0000000008007000       0x48 d:/microwilkin/programa/stm32cubeide_1.12.1/stm32cubeide/plugins/com.st.stm32cube.ide.mcu.externaltools.gnu-tools-for-stm32.10.3-2021.10.win32_1.0.200.202301161003/tools/bin/../lib/gcc/arm-none-eabi/10.3.1/../../../../arm-none-eabi/lib/thumb/v7e-m+fp/hard\libc_nano.a(lib_a-init.o)
                0x0000000008007000                __libc_init_array
 .text.memset   0x0000000008007048       0x10 d:/microwilkin/programa/stm32cubeide_1.12.1/stm32cubeide/plugins/com.st.stm32cube.ide.mcu.externaltools.gnu-tools-for-stm32.10.3-2021.10.win32_1.0.200.202301161003/tools/bin/../lib/gcc/arm-none-eabi/10.3.1/../../../../arm-none-eabi/lib/thumb/v7e-m+fp/hard\libc_nano.a(lib_a-memset.o)
                0x0000000008007048                memset
 .text.sprintf  0x0000000008007058       0x40 d:/microwilkin/programa/stm32cubeide_1.12.1/stm32cubeide/plugins/com.st.stm32cube.ide.mcu.externaltools.gnu-tools-for-stm32.10.3-2021.10.win32_1.0.200.202301161003/tools/bin/../lib/gcc/arm-none-eabi/10.3.1/../../../../arm-none-eabi/lib/thumb/v7e-m+fp/hard\libc_nano.a(lib_a-sprintf.o)
                0x0000000008007058                siprintf
                0x0000000008007058                sprintf
 .text.__ssputs_r
                0x0000000008007098       0xb6 d:/microwilkin/programa/stm32cubeide_1.12.1/stm32cubeide/plugins/com.st.stm32cube.ide.mcu.externaltools.gnu-tools-for-stm32.10.3-2021.10.win32_1.0.200.202301161003/tools/bin/../lib/gcc/arm-none-eabi/10.3.1/../../../../arm-none-eabi/lib/thumb/v7e-m+fp/hard\libc_nano.a(lib_a-nano-svfprintf.o)
                0x0000000008007098                __ssputs_r
 *fill*         0x000000000800714e        0x2 
 .text._svfprintf_r
                0x0000000008007150      0x200 d:/microwilkin/programa/stm32cubeide_1.12.1/stm32cubeide/plugins/com.st.stm32cube.ide.mcu.externaltools.gnu-tools-for-stm32.10.3-2021.10.win32_1.0.200.202301161003/tools/bin/../lib/gcc/arm-none-eabi/10.3.1/../../../../arm-none-eabi/lib/thumb/v7e-m+fp/hard\libc_nano.a(lib_a-nano-svfprintf.o)
                0x0000000008007150                _svfiprintf_r
                0x0000000008007150                _svfprintf_r
 .text._printf_common
                0x0000000008007350       0xda d:/microwilkin/programa/stm32cubeide_1.12.1/stm32cubeide/plugins/com.st.stm32cube.ide.mcu.externaltools.gnu-tools-for-stm32.10.3-2021.10.win32_1.0.200.202301161003/tools/bin/../lib/gcc/arm-none-eabi/10.3.1/../../../../arm-none-eabi/lib/thumb/v7e-m+fp/hard\libc_nano.a(lib_a-nano-vfprintf_i.o)
                0x0000000008007350                _printf_common
 *fill*         0x000000000800742a        0x2 
 .text._printf_i
                0x000000000800742c      0x24c d:/microwilkin/programa/stm32cubeide_1.12.1/stm32cubeide/plugins/com.st.stm32cube.ide.mcu.externaltools.gnu-tools-for-stm32.10.3-2021.10.win32_1.0.200.202301161003/tools/bin/../lib/gcc/arm-none-eabi/10.3.1/../../../../arm-none-eabi/lib/thumb/v7e-m+fp/hard\libc_nano.a(lib_a-nano-vfprintf_i.o)
                0x000000000800742c                _printf_i
 .text.memcpy   0x0000000008007678       0x1c d:/microwilkin/programa/stm32cubeide_1.12.1/stm32cubeide/plugins/com.st.stm32cube.ide.mcu.externaltools.gnu-tools-for-stm32.10.3-2021.10.win32_1.0.200.202301161003/tools/bin/../lib/gcc/arm-none-eabi/10.3.1/../../../../arm-none-eabi/lib/thumb/v7e-m+fp/hard\libc_nano.a(lib_a-memcpy-stub.o)
                0x0000000008007678                memcpy
 .text.memmove  0x0000000008007694       0x34 d:/microwilkin/programa/stm32cubeide_1.12.1/stm32cubeide/plugins/com.st.stm32cube.ide.mcu.externaltools.gnu-tools-for-stm32.10.3-2021.10.win32_1.0.200.202301161003/tools/bin/../lib/gcc/arm-none-eabi/10.3.1/../../../../arm-none-eabi/lib/thumb/v7e-m+fp/hard\libc_nano.a(lib_a-memmove.o)
                0x0000000008007694                memmove
 .text._free_r  0x00000000080076c8       0x98 d:/microwilkin/programa/stm32cubeide_1.12.1/stm32cubeide/plugins/com.st.stm32cube.ide.mcu.externaltools.gnu-tools-for-stm32.10.3-2021.10.win32_1.0.200.202301161003/tools/bin/../lib/gcc/arm-none-eabi/10.3.1/../../../../arm-none-eabi/lib/thumb/v7e-m+fp/hard\libc_nano.a(lib_a-nano-freer.o)
                0x00000000080076c8                _free_r
 .text.sbrk_aligned
                0x0000000008007760       0x40 d:/microwilkin/programa/stm32cubeide_1.12.1/stm32cubeide/plugins/com.st.stm32cube.ide.mcu.externaltools.gnu-tools-for-stm32.10.3-2021.10.win32_1.0.200.202301161003/tools/bin/../lib/gcc/arm-none-eabi/10.3.1/../../../../arm-none-eabi/lib/thumb/v7e-m+fp/hard\libc_nano.a(lib_a-nano-mallocr.o)
 .text._malloc_r
                0x00000000080077a0       0xe8 d:/microwilkin/programa/stm32cubeide_1.12.1/stm32cubeide/plugins/com.st.stm32cube.ide.mcu.externaltools.gnu-tools-for-stm32.10.3-2021.10.win32_1.0.200.202301161003/tools/bin/../lib/gcc/arm-none-eabi/10.3.1/../../../../arm-none-eabi/lib/thumb/v7e-m+fp/hard\libc_nano.a(lib_a-nano-mallocr.o)
                0x00000000080077a0                _malloc_r
 .text._realloc_r
                0x0000000008007888       0x5e d:/microwilkin/programa/stm32cubeide_1.12.1/stm32cubeide/plugins/com.st.stm32cube.ide.mcu.externaltools.gnu-tools-for-stm32.10.3-2021.10.win32_1.0.200.202301161003/tools/bin/../lib/gcc/arm-none-eabi/10.3.1/../../../../arm-none-eabi/lib/thumb/v7e-m+fp/hard\libc_nano.a(lib_a-nano-reallocr.o)
                0x0000000008007888                _realloc_r
 *fill*         0x00000000080078e6        0x2 
 .text._sbrk_r  0x00000000080078e8       0x20 d:/microwilkin/programa/stm32cubeide_1.12.1/stm32cubeide/plugins/com.st.stm32cube.ide.mcu.externaltools.gnu-tools-for-stm32.10.3-2021.10.win32_1.0.200.202301161003/tools/bin/../lib/gcc/arm-none-eabi/10.3.1/../../../../arm-none-eabi/lib/thumb/v7e-m+fp/hard\libc_nano.a(lib_a-sbrkr.o)
                0x00000000080078e8                _sbrk_r
 .text.__malloc_lock
                0x0000000008007908        0xc d:/microwilkin/programa/stm32cubeide_1.12.1/stm32cubeide/plugins/com.st.stm32cube.ide.mcu.externaltools.gnu-tools-for-stm32.10.3-2021.10.win32_1.0.200.202301161003/tools/bin/../lib/gcc/arm-none-eabi/10.3.1/../../../../arm-none-eabi/lib/thumb/v7e-m+fp/hard\libc_nano.a(lib_a-mlock.o)
                0x0000000008007908                __malloc_lock
 .text.__malloc_unlock
                0x0000000008007914        0xc d:/microwilkin/programa/stm32cubeide_1.12.1/stm32cubeide/plugins/com.st.stm32cube.ide.mcu.externaltools.gnu-tools-for-stm32.10.3-2021.10.win32_1.0.200.202301161003/tools/bin/../lib/gcc/arm-none-eabi/10.3.1/../../../../arm-none-eabi/lib/thumb/v7e-m+fp/hard\libc_nano.a(lib_a-mlock.o)
                0x0000000008007914                __malloc_unlock
 .text._malloc_usable_size_r
                0x0000000008007920       0x10 d:/microwilkin/programa/stm32cubeide_1.12.1/stm32cubeide/plugins/com.st.stm32cube.ide.mcu.externaltools.gnu-tools-for-stm32.10.3-2021.10.win32_1.0.200.202301161003/tools/bin/../lib/gcc/arm-none-eabi/10.3.1/../../../../arm-none-eabi/lib/thumb/v7e-m+fp/hard\libc_nano.a(lib_a-nano-msizer.o)
                0x0000000008007920                _malloc_usable_size_r
 .text.__retarget_lock_acquire_recursive
                0x0000000008007930        0x2 d:/microwilkin/programa/stm32cubeide_1.12.1/stm32cubeide/plugins/com.st.stm32cube.ide.mcu.externaltools.gnu-tools-for-stm32.10.3-2021.10.win32_1.0.200.202301161003/tools/bin/../lib/gcc/arm-none-eabi/10.3.1/../../../../arm-none-eabi/lib/thumb/v7e-m+fp/hard\libc_nano.a(lib_a-lock.o)
                0x0000000008007930                __retarget_lock_acquire_recursive
 .text.__retarget_lock_release_recursive
                0x0000000008007932        0x2 d:/microwilkin/programa/stm32cubeide_1.12.1/stm32cubeide/plugins/com.st.stm32cube.ide.mcu.externaltools.gnu-tools-for-stm32.10.3-2021.10.win32_1.0.200.202301161003/tools/bin/../lib/gcc/arm-none-eabi/10.3.1/../../../../arm-none-eabi/lib/thumb/v7e-m+fp/hard\libc_nano.a(lib_a-lock.o)
                0x0000000008007932                __retarget_lock_release_recursive
 *fill*         0x0000000008007934        0x4 
 .text.sin      0x0000000008007938       0xb0 d:/microwilkin/programa/stm32cubeide_1.12.1/stm32cubeide/plugins/com.st.stm32cube.ide.mcu.externaltools.gnu-tools-for-stm32.10.3-2021.10.win32_1.0.200.202301161003/tools/bin/../lib/gcc/arm-none-eabi/10.3.1/../../../../arm-none-eabi/lib/thumb/v7e-m+fp/hard\libm.a(lib_a-s_sin.o)
                0x0000000008007938                sin
 .text.__ieee754_rem_pio2
                0x00000000080079e8      0x418 d:/microwilkin/programa/stm32cubeide_1.12.1/stm32cubeide/plugins/com.st.stm32cube.ide.mcu.externaltools.gnu-tools-for-stm32.10.3-2021.10.win32_1.0.200.202301161003/tools/bin/../lib/gcc/arm-none-eabi/10.3.1/../../../../arm-none-eabi/lib/thumb/v7e-m+fp/hard\libm.a(lib_a-e_rem_pio2.o)
                0x00000000080079e8                __ieee754_rem_pio2
 .text.__kernel_cos
                0x0000000008007e00      0x18c d:/microwilkin/programa/stm32cubeide_1.12.1/stm32cubeide/plugins/com.st.stm32cube.ide.mcu.externaltools.gnu-tools-for-stm32.10.3-2021.10.win32_1.0.200.202301161003/tools/bin/../lib/gcc/arm-none-eabi/10.3.1/../../../../arm-none-eabi/lib/thumb/v7e-m+fp/hard\libm.a(lib_a-k_cos.o)
                0x0000000008007e00                __kernel_cos
 *fill*         0x0000000008007f8c        0x4 
 .text.__kernel_rem_pio2
                0x0000000008007f90      0x69c d:/microwilkin/programa/stm32cubeide_1.12.1/stm32cubeide/plugins/com.st.stm32cube.ide.mcu.externaltools.gnu-tools-for-stm32.10.3-2021.10.win32_1.0.200.202301161003/tools/bin/../lib/gcc/arm-none-eabi/10.3.1/../../../../arm-none-eabi/lib/thumb/v7e-m+fp/hard\libm.a(lib_a-k_rem_pio2.o)
                0x0000000008007f90                __kernel_rem_pio2
 *fill*         0x000000000800862c        0x4 
 .text.__kernel_sin
                0x0000000008008630      0x17c d:/microwilkin/programa/stm32cubeide_1.12.1/stm32cubeide/plugins/com.st.stm32cube.ide.mcu.externaltools.gnu-tools-for-stm32.10.3-2021.10.win32_1.0.200.202301161003/tools/bin/../lib/gcc/arm-none-eabi/10.3.1/../../../../arm-none-eabi/lib/thumb/v7e-m+fp/hard\libm.a(lib_a-k_sin.o)
                0x0000000008008630                __kernel_sin
 .text.fabs     0x00000000080087ac       0x12 d:/microwilkin/programa/stm32cubeide_1.12.1/stm32cubeide/plugins/com.st.stm32cube.ide.mcu.externaltools.gnu-tools-for-stm32.10.3-2021.10.win32_1.0.200.202301161003/tools/bin/../lib/gcc/arm-none-eabi/10.3.1/../../../../arm-none-eabi/lib/thumb/v7e-m+fp/hard\libm.a(lib_a-s_fabs.o)
                0x00000000080087ac                fabs
 *fill*         0x00000000080087be        0x2 
 .text.floor    0x00000000080087c0      0x100 d:/microwilkin/programa/stm32cubeide_1.12.1/stm32cubeide/plugins/com.st.stm32cube.ide.mcu.externaltools.gnu-tools-for-stm32.10.3-2021.10.win32_1.0.200.202301161003/tools/bin/../lib/gcc/arm-none-eabi/10.3.1/../../../../arm-none-eabi/lib/thumb/v7e-m+fp/hard\libm.a(lib_a-s_floor.o)
                0x00000000080087c0                floor
 .text.scalbn   0x00000000080088c0      0x10c d:/microwilkin/programa/stm32cubeide_1.12.1/stm32cubeide/plugins/com.st.stm32cube.ide.mcu.externaltools.gnu-tools-for-stm32.10.3-2021.10.win32_1.0.200.202301161003/tools/bin/../lib/gcc/arm-none-eabi/10.3.1/../../../../arm-none-eabi/lib/thumb/v7e-m+fp/hard\libm.a(lib_a-s_scalbn.o)
                0x00000000080088c0                scalbn
 *(.glue_7)
 .glue_7        0x00000000080089cc        0x0 linker stubs
 *(.glue_7t)
 .glue_7t       0x00000000080089cc        0x0 linker stubs
 *(.eh_frame)
 .eh_frame      0x00000000080089cc        0x0 d:/microwilkin/programa/stm32cubeide_1.12.1/stm32cubeide/plugins/com.st.stm32cube.ide.mcu.externaltools.gnu-tools-for-stm32.10.3-2021.10.win32_1.0.200.202301161003/tools/bin/../lib/gcc/arm-none-eabi/10.3.1/thumb/v7e-m+fp/hard/crtbegin.o
 *(.init)
 .init          0x00000000080089cc        0x4 d:/microwilkin/programa/stm32cubeide_1.12.1/stm32cubeide/plugins/com.st.stm32cube.ide.mcu.externaltools.gnu-tools-for-stm32.10.3-2021.10.win32_1.0.200.202301161003/tools/bin/../lib/gcc/arm-none-eabi/10.3.1/thumb/v7e-m+fp/hard/crti.o
                0x00000000080089cc                _init
 .init          0x00000000080089d0        0x8 d:/microwilkin/programa/stm32cubeide_1.12.1/stm32cubeide/plugins/com.st.stm32cube.ide.mcu.externaltools.gnu-tools-for-stm32.10.3-2021.10.win32_1.0.200.202301161003/tools/bin/../lib/gcc/arm-none-eabi/10.3.1/thumb/v7e-m+fp/hard/crtn.o
 *(.fini)
 .fini          0x00000000080089d8        0x4 d:/microwilkin/programa/stm32cubeide_1.12.1/stm32cubeide/plugins/com.st.stm32cube.ide.mcu.externaltools.gnu-tools-for-stm32.10.3-2021.10.win32_1.0.200.202301161003/tools/bin/../lib/gcc/arm-none-eabi/10.3.1/thumb/v7e-m+fp/hard/crti.o
                0x00000000080089d8                _fini
 .fini          0x00000000080089dc        0x8 d:/microwilkin/programa/stm32cubeide_1.12.1/stm32cubeide/plugins/com.st.stm32cube.ide.mcu.externaltools.gnu-tools-for-stm32.10.3-2021.10.win32_1.0.200.202301161003/tools/bin/../lib/gcc/arm-none-eabi/10.3.1/thumb/v7e-m+fp/hard/crtn.o
                0x00000000080089e4                . = ALIGN (0x4)
                0x00000000080089e4                _etext = .

.vfp11_veneer   0x00000000080089e4        0x0
 .vfp11_veneer  0x00000000080089e4        0x0 linker stubs

.v4_bx          0x00000000080089e4        0x0
 .v4_bx         0x00000000080089e4        0x0 linker stubs

.iplt           0x00000000080089e4        0x0
 .iplt          0x00000000080089e4        0x0 d:/microwilkin/programa/stm32cubeide_1.12.1/stm32cubeide/plugins/com.st.stm32cube.ide.mcu.externaltools.gnu-tools-for-stm32.10.3-2021.10.win32_1.0.200.202301161003/tools/bin/../lib/gcc/arm-none-eabi/10.3.1/thumb/v7e-m+fp/hard/crtbegin.o

.rodata         0x00000000080089e8      0x640
                0x00000000080089e8                . = ALIGN (0x4)
 *(.rodata)
 .rodata        0x00000000080089e8      0x3f8 ./Core/Src/main.o
 *(.rodata*)
 .rodata.AHBPrescTable
                0x0000000008008de0       0x10 ./Core/Src/system_stm32f3xx.o
                0x0000000008008de0                AHBPrescTable
 .rodata.APBPrescTable
                0x0000000008008df0        0x8 ./Core/Src/system_stm32f3xx.o
                0x0000000008008df0                APBPrescTable
 .rodata.aPLLMULFactorTable
                0x0000000008008df8       0x10 ./Drivers/STM32F3xx_HAL_Driver/Src/stm32f3xx_hal_rcc.o
 .rodata.aPredivFactorTable
                0x0000000008008e08       0x10 ./Drivers/STM32F3xx_HAL_Driver/Src/stm32f3xx_hal_rcc.o
 .rodata._svfprintf_r.str1.1
                0x0000000008008e18       0x11 d:/microwilkin/programa/stm32cubeide_1.12.1/stm32cubeide/plugins/com.st.stm32cube.ide.mcu.externaltools.gnu-tools-for-stm32.10.3-2021.10.win32_1.0.200.202301161003/tools/bin/../lib/gcc/arm-none-eabi/10.3.1/../../../../arm-none-eabi/lib/thumb/v7e-m+fp/hard\libc_nano.a(lib_a-nano-svfprintf.o)
 .rodata._printf_i.str1.1
                0x0000000008008e29       0x22 d:/microwilkin/programa/stm32cubeide_1.12.1/stm32cubeide/plugins/com.st.stm32cube.ide.mcu.externaltools.gnu-tools-for-stm32.10.3-2021.10.win32_1.0.200.202301161003/tools/bin/../lib/gcc/arm-none-eabi/10.3.1/../../../../arm-none-eabi/lib/thumb/v7e-m+fp/hard\libc_nano.a(lib_a-nano-vfprintf_i.o)
 *fill*         0x0000000008008e4b        0x1 
 .rodata.npio2_hw
                0x0000000008008e4c       0x80 d:/microwilkin/programa/stm32cubeide_1.12.1/stm32cubeide/plugins/com.st.stm32cube.ide.mcu.externaltools.gnu-tools-for-stm32.10.3-2021.10.win32_1.0.200.202301161003/tools/bin/../lib/gcc/arm-none-eabi/10.3.1/../../../../arm-none-eabi/lib/thumb/v7e-m+fp/hard\libm.a(lib_a-e_rem_pio2.o)
 .rodata.two_over_pi
                0x0000000008008ecc      0x108 d:/microwilkin/programa/stm32cubeide_1.12.1/stm32cubeide/plugins/com.st.stm32cube.ide.mcu.externaltools.gnu-tools-for-stm32.10.3-2021.10.win32_1.0.200.202301161003/tools/bin/../lib/gcc/arm-none-eabi/10.3.1/../../../../arm-none-eabi/lib/thumb/v7e-m+fp/hard\libm.a(lib_a-e_rem_pio2.o)
 *fill*         0x0000000008008fd4        0x4 
 .rodata.PIo2   0x0000000008008fd8       0x40 d:/microwilkin/programa/stm32cubeide_1.12.1/stm32cubeide/plugins/com.st.stm32cube.ide.mcu.externaltools.gnu-tools-for-stm32.10.3-2021.10.win32_1.0.200.202301161003/tools/bin/../lib/gcc/arm-none-eabi/10.3.1/../../../../arm-none-eabi/lib/thumb/v7e-m+fp/hard\libm.a(lib_a-k_rem_pio2.o)
 .rodata.init_jk
                0x0000000008009018       0x10 d:/microwilkin/programa/stm32cubeide_1.12.1/stm32cubeide/plugins/com.st.stm32cube.ide.mcu.externaltools.gnu-tools-for-stm32.10.3-2021.10.win32_1.0.200.202301161003/tools/bin/../lib/gcc/arm-none-eabi/10.3.1/../../../../arm-none-eabi/lib/thumb/v7e-m+fp/hard\libm.a(lib_a-k_rem_pio2.o)
                0x0000000008009028                . = ALIGN (0x4)

.rel.dyn        0x0000000008009028        0x0
 .rel.iplt      0x0000000008009028        0x0 d:/microwilkin/programa/stm32cubeide_1.12.1/stm32cubeide/plugins/com.st.stm32cube.ide.mcu.externaltools.gnu-tools-for-stm32.10.3-2021.10.win32_1.0.200.202301161003/tools/bin/../lib/gcc/arm-none-eabi/10.3.1/thumb/v7e-m+fp/hard/crtbegin.o

.ARM.extab      0x0000000008009028        0x0
                0x0000000008009028                . = ALIGN (0x4)
 *(.ARM.extab* .gnu.linkonce.armextab.*)
                0x0000000008009028                . = ALIGN (0x4)

.ARM            0x0000000008009028        0x0
                0x0000000008009028                . = ALIGN (0x4)
                0x0000000008009028                __exidx_start = .
 *(.ARM.exidx*)
                0x0000000008009028                __exidx_end = .
                0x0000000008009028                . = ALIGN (0x4)

.preinit_array  0x0000000008009028        0x0
                0x0000000008009028                . = ALIGN (0x4)
                0x0000000008009028                PROVIDE (__preinit_array_start = .)
 *(.preinit_array*)
                0x0000000008009028                PROVIDE (__preinit_array_end = .)
                0x0000000008009028                . = ALIGN (0x4)

.init_array     0x0000000008009028        0x4
                0x0000000008009028                . = ALIGN (0x4)
                0x0000000008009028                PROVIDE (__init_array_start = .)
 *(SORT_BY_NAME(.init_array.*))
 *(.init_array*)
 .init_array    0x0000000008009028        0x4 d:/microwilkin/programa/stm32cubeide_1.12.1/stm32cubeide/plugins/com.st.stm32cube.ide.mcu.externaltools.gnu-tools-for-stm32.10.3-2021.10.win32_1.0.200.202301161003/tools/bin/../lib/gcc/arm-none-eabi/10.3.1/thumb/v7e-m+fp/hard/crtbegin.o
                0x000000000800902c                PROVIDE (__init_array_end = .)
                0x000000000800902c                . = ALIGN (0x4)

.fini_array     0x000000000800902c        0x4
                0x000000000800902c                . = ALIGN (0x4)
                [!provide]                        PROVIDE (__fini_array_start = .)
 *(SORT_BY_NAME(.fini_array.*))
 *(.fini_array*)
 .fini_array    0x000000000800902c        0x4 d:/microwilkin/programa/stm32cubeide_1.12.1/stm32cubeide/plugins/com.st.stm32cube.ide.mcu.externaltools.gnu-tools-for-stm32.10.3-2021.10.win32_1.0.200.202301161003/tools/bin/../lib/gcc/arm-none-eabi/10.3.1/thumb/v7e-m+fp/hard/crtbegin.o
                [!provide]                        PROVIDE (__fini_array_end = .)
                0x0000000008009030                . = ALIGN (0x4)
                0x0000000008009030                _sidata = LOADADDR (.data)

.data           0x0000000020000000       0x70 load address 0x0000000008009030
                0x0000000020000000                . = ALIGN (0x4)
                0x0000000020000000                _sdata = .
 *(.data)
 *(.data*)
 .data.SystemCoreClock
                0x0000000020000000        0x4 ./Core/Src/system_stm32f3xx.o
                0x0000000020000000                SystemCoreClock
 .data.uwTickPrio
                0x0000000020000004        0x4 ./Drivers/STM32F3xx_HAL_Driver/Src/stm32f3xx_hal.o
                0x0000000020000004                uwTickPrio
 .data.uwTickFreq
                0x0000000020000008        0x1 ./Drivers/STM32F3xx_HAL_Driver/Src/stm32f3xx_hal.o
                0x0000000020000008                uwTickFreq
 *fill*         0x0000000020000009        0x3 
 .data._impure_ptr
                0x000000002000000c        0x4 d:/microwilkin/programa/stm32cubeide_1.12.1/stm32cubeide/plugins/com.st.stm32cube.ide.mcu.externaltools.gnu-tools-for-stm32.10.3-2021.10.win32_1.0.200.202301161003/tools/bin/../lib/gcc/arm-none-eabi/10.3.1/../../../../arm-none-eabi/lib/thumb/v7e-m+fp/hard\libc_nano.a(lib_a-impure.o)
                0x000000002000000c                _impure_ptr
 .data.impure_data
                0x0000000020000010       0x60 d:/microwilkin/programa/stm32cubeide_1.12.1/stm32cubeide/plugins/com.st.stm32cube.ide.mcu.externaltools.gnu-tools-for-stm32.10.3-2021.10.win32_1.0.200.202301161003/tools/bin/../lib/gcc/arm-none-eabi/10.3.1/../../../../arm-none-eabi/lib/thumb/v7e-m+fp/hard\libc_nano.a(lib_a-impure.o)
 *(.RamFunc)
 *(.RamFunc*)
                0x0000000020000070                . = ALIGN (0x4)
                0x0000000020000070                _edata = .

.igot.plt       0x0000000020000070        0x0 load address 0x00000000080090a0
 .igot.plt      0x0000000020000070        0x0 d:/microwilkin/programa/stm32cubeide_1.12.1/stm32cubeide/plugins/com.st.stm32cube.ide.mcu.externaltools.gnu-tools-for-stm32.10.3-2021.10.win32_1.0.200.202301161003/tools/bin/../lib/gcc/arm-none-eabi/10.3.1/thumb/v7e-m+fp/hard/crtbegin.o
                0x0000000020000070                . = ALIGN (0x4)

.bss            0x0000000020000070     0x129c load address 0x00000000080090a0
                0x0000000020000070                _sbss = .
                0x0000000020000070                __bss_start__ = _sbss
 *(.bss)
 .bss           0x0000000020000070       0x1c d:/microwilkin/programa/stm32cubeide_1.12.1/stm32cubeide/plugins/com.st.stm32cube.ide.mcu.externaltools.gnu-tools-for-stm32.10.3-2021.10.win32_1.0.200.202301161003/tools/bin/../lib/gcc/arm-none-eabi/10.3.1/thumb/v7e-m+fp/hard/crtbegin.o
 *(.bss*)
 .bss.hadc1     0x000000002000008c       0x50 ./Core/Src/adc.o
                0x000000002000008c                hadc1
 .bss.hdma_adc1
                0x00000000200000dc       0x44 ./Core/Src/adc.o
                0x00000000200000dc                hdma_adc1
 .bss.hdac      0x0000000020000120       0x14 ./Core/Src/dac.o
                0x0000000020000120                hdac
 .bss.hdma_dac_ch1
                0x0000000020000134       0x44 ./Core/Src/dac.o
                0x0000000020000134                hdma_dac_ch1
 .bss.hi2c1     0x0000000020000178       0x54 ./Core/Src/i2c.o
                0x0000000020000178                hi2c1
 .bss.wave_val  0x00000000200001cc      0xfa0 ./Core/Src/main.o
                0x00000000200001cc                wave_val
 .bss.iSenoidal.4
                0x000000002000116c        0x4 ./Core/Src/main.o
 .bss.iCuadrada.3
                0x0000000020001170        0x4 ./Core/Src/main.o
 .bss.iSierra.2
                0x0000000020001174        0x4 ./Core/Src/main.o
 .bss.iLinea.1  0x0000000020001178        0x4 ./Core/Src/main.o
 .bss.buttonPressCount.0
                0x000000002000117c        0x4 ./Core/Src/main.o
 .bss.buffer    0x0000000020001180       0x50 ./Core/Src/max_matrix_stm32.o
                0x0000000020001180                buffer
 .bss.buffer_row
                0x00000000200011d0       0x50 ./Core/Src/max_matrix_stm32.o
                0x00000000200011d0                buffer_row
 .bss.__sbrk_heap_end
                0x0000000020001220        0x4 ./Core/Src/sysmem.o
 .bss.htim2     0x0000000020001224       0x4c ./Core/Src/tim.o
                0x0000000020001224                htim2
 .bss.huart2    0x0000000020001270       0x88 ./Core/Src/usart.o
                0x0000000020001270                huart2
 .bss.uwTick    0x00000000200012f8        0x4 ./Drivers/STM32F3xx_HAL_Driver/Src/stm32f3xx_hal.o
                0x00000000200012f8                uwTick
 .bss.__malloc_free_list
                0x00000000200012fc        0x4 d:/microwilkin/programa/stm32cubeide_1.12.1/stm32cubeide/plugins/com.st.stm32cube.ide.mcu.externaltools.gnu-tools-for-stm32.10.3-2021.10.win32_1.0.200.202301161003/tools/bin/../lib/gcc/arm-none-eabi/10.3.1/../../../../arm-none-eabi/lib/thumb/v7e-m+fp/hard\libc_nano.a(lib_a-nano-mallocr.o)
                0x00000000200012fc                __malloc_free_list
 .bss.__malloc_sbrk_start
                0x0000000020001300        0x4 d:/microwilkin/programa/stm32cubeide_1.12.1/stm32cubeide/plugins/com.st.stm32cube.ide.mcu.externaltools.gnu-tools-for-stm32.10.3-2021.10.win32_1.0.200.202301161003/tools/bin/../lib/gcc/arm-none-eabi/10.3.1/../../../../arm-none-eabi/lib/thumb/v7e-m+fp/hard\libc_nano.a(lib_a-nano-mallocr.o)
                0x0000000020001300                __malloc_sbrk_start
 .bss.errno     0x0000000020001304        0x4 d:/microwilkin/programa/stm32cubeide_1.12.1/stm32cubeide/plugins/com.st.stm32cube.ide.mcu.externaltools.gnu-tools-for-stm32.10.3-2021.10.win32_1.0.200.202301161003/tools/bin/../lib/gcc/arm-none-eabi/10.3.1/../../../../arm-none-eabi/lib/thumb/v7e-m+fp/hard\libc_nano.a(lib_a-reent.o)
                0x0000000020001304                errno
 .bss.__lock___malloc_recursive_mutex
                0x0000000020001308        0x1 d:/microwilkin/programa/stm32cubeide_1.12.1/stm32cubeide/plugins/com.st.stm32cube.ide.mcu.externaltools.gnu-tools-for-stm32.10.3-2021.10.win32_1.0.200.202301161003/tools/bin/../lib/gcc/arm-none-eabi/10.3.1/../../../../arm-none-eabi/lib/thumb/v7e-m+fp/hard\libc_nano.a(lib_a-lock.o)
                0x0000000020001308                __lock___malloc_recursive_mutex
 *(COMMON)
                0x000000002000130c                . = ALIGN (0x4)
 *fill*         0x0000000020001309        0x3 
                0x000000002000130c                _ebss = .
                0x000000002000130c                __bss_end__ = _ebss

._user_heap_stack
                0x000000002000130c      0x604 load address 0x00000000080090a0
                0x0000000020001310                . = ALIGN (0x8)
 *fill*         0x000000002000130c        0x4 
                [!provide]                        PROVIDE (end = .)
                0x0000000020001310                PROVIDE (_end = .)
                0x0000000020001510                . = (. + _Min_Heap_Size)
 *fill*         0x0000000020001310      0x200 
                0x0000000020001910                . = (. + _Min_Stack_Size)
 *fill*         0x0000000020001510      0x400 
                0x0000000020001910                . = ALIGN (0x8)

/DISCARD/
 libc.a(*)
 libm.a(*)
 libgcc.a(*)

.ARM.attributes
                0x0000000000000000       0x30
 *(.ARM.attributes)
 .ARM.attributes
                0x0000000000000000       0x1e d:/microwilkin/programa/stm32cubeide_1.12.1/stm32cubeide/plugins/com.st.stm32cube.ide.mcu.externaltools.gnu-tools-for-stm32.10.3-2021.10.win32_1.0.200.202301161003/tools/bin/../lib/gcc/arm-none-eabi/10.3.1/thumb/v7e-m+fp/hard/crti.o
 .ARM.attributes
                0x000000000000001e       0x34 d:/microwilkin/programa/stm32cubeide_1.12.1/stm32cubeide/plugins/com.st.stm32cube.ide.mcu.externaltools.gnu-tools-for-stm32.10.3-2021.10.win32_1.0.200.202301161003/tools/bin/../lib/gcc/arm-none-eabi/10.3.1/thumb/v7e-m+fp/hard/crtbegin.o
 .ARM.attributes
                0x0000000000000052       0x34 ./Core/Src/adc.o
 .ARM.attributes
                0x0000000000000086       0x34 ./Core/Src/dac.o
 .ARM.attributes
                0x00000000000000ba       0x34 ./Core/Src/dma.o
 .ARM.attributes
                0x00000000000000ee       0x34 ./Core/Src/gpio.o
 .ARM.attributes
                0x0000000000000122       0x34 ./Core/Src/i2c-lcd.o
 .ARM.attributes
                0x0000000000000156       0x34 ./Core/Src/i2c.o
 .ARM.attributes
                0x000000000000018a       0x34 ./Core/Src/main.o
 .ARM.attributes
                0x00000000000001be       0x34 ./Core/Src/max_matrix_stm32.o
 .ARM.attributes
                0x00000000000001f2       0x34 ./Core/Src/stm32f3xx_hal_msp.o
 .ARM.attributes
                0x0000000000000226       0x34 ./Core/Src/stm32f3xx_it.o
 .ARM.attributes
                0x000000000000025a       0x34 ./Core/Src/sysmem.o
 .ARM.attributes
                0x000000000000028e       0x34 ./Core/Src/system_stm32f3xx.o
 .ARM.attributes
                0x00000000000002c2       0x34 ./Core/Src/tim.o
 .ARM.attributes
                0x00000000000002f6       0x34 ./Core/Src/usart.o
 .ARM.attributes
                0x000000000000032a       0x21 ./Core/Startup/startup_stm32f302r8tx.o
 .ARM.attributes
                0x000000000000034b       0x34 ./Drivers/STM32F3xx_HAL_Driver/Src/stm32f3xx_hal.o
 .ARM.attributes
                0x000000000000037f       0x34 ./Drivers/STM32F3xx_HAL_Driver/Src/stm32f3xx_hal_adc_ex.o
 .ARM.attributes
                0x00000000000003b3       0x34 ./Drivers/STM32F3xx_HAL_Driver/Src/stm32f3xx_hal_cortex.o
 .ARM.attributes
                0x00000000000003e7       0x34 ./Drivers/STM32F3xx_HAL_Driver/Src/stm32f3xx_hal_dac.o
 .ARM.attributes
                0x000000000000041b       0x34 ./Drivers/STM32F3xx_HAL_Driver/Src/stm32f3xx_hal_dac_ex.o
 .ARM.attributes
                0x000000000000044f       0x34 ./Drivers/STM32F3xx_HAL_Driver/Src/stm32f3xx_hal_dma.o
 .ARM.attributes
                0x0000000000000483       0x34 ./Drivers/STM32F3xx_HAL_Driver/Src/stm32f3xx_hal_gpio.o
 .ARM.attributes
                0x00000000000004b7       0x34 ./Drivers/STM32F3xx_HAL_Driver/Src/stm32f3xx_hal_i2c.o
 .ARM.attributes
                0x00000000000004eb       0x34 ./Drivers/STM32F3xx_HAL_Driver/Src/stm32f3xx_hal_i2c_ex.o
 .ARM.attributes
                0x000000000000051f       0x34 ./Drivers/STM32F3xx_HAL_Driver/Src/stm32f3xx_hal_rcc.o
 .ARM.attributes
                0x0000000000000553       0x34 ./Drivers/STM32F3xx_HAL_Driver/Src/stm32f3xx_hal_rcc_ex.o
 .ARM.attributes
                0x0000000000000587       0x34 ./Drivers/STM32F3xx_HAL_Driver/Src/stm32f3xx_hal_tim.o
 .ARM.attributes
                0x00000000000005bb       0x34 ./Drivers/STM32F3xx_HAL_Driver/Src/stm32f3xx_hal_tim_ex.o
 .ARM.attributes
                0x00000000000005ef       0x34 ./Drivers/STM32F3xx_HAL_Driver/Src/stm32f3xx_hal_uart.o
 .ARM.attributes
                0x0000000000000623       0x34 d:/microwilkin/programa/stm32cubeide_1.12.1/stm32cubeide/plugins/com.st.stm32cube.ide.mcu.externaltools.gnu-tools-for-stm32.10.3-2021.10.win32_1.0.200.202301161003/tools/bin/../lib/gcc/arm-none-eabi/10.3.1/../../../../arm-none-eabi/lib/thumb/v7e-m+fp/hard\libc_nano.a(lib_a-errno.o)
 .ARM.attributes
                0x0000000000000657       0x34 d:/microwilkin/programa/stm32cubeide_1.12.1/stm32cubeide/plugins/com.st.stm32cube.ide.mcu.externaltools.gnu-tools-for-stm32.10.3-2021.10.win32_1.0.200.202301161003/tools/bin/../lib/gcc/arm-none-eabi/10.3.1/../../../../arm-none-eabi/lib/thumb/v7e-m+fp/hard\libc_nano.a(lib_a-impure.o)
 .ARM.attributes
                0x000000000000068b       0x34 d:/microwilkin/programa/stm32cubeide_1.12.1/stm32cubeide/plugins/com.st.stm32cube.ide.mcu.externaltools.gnu-tools-for-stm32.10.3-2021.10.win32_1.0.200.202301161003/tools/bin/../lib/gcc/arm-none-eabi/10.3.1/../../../../arm-none-eabi/lib/thumb/v7e-m+fp/hard\libc_nano.a(lib_a-init.o)
 .ARM.attributes
                0x00000000000006bf       0x34 d:/microwilkin/programa/stm32cubeide_1.12.1/stm32cubeide/plugins/com.st.stm32cube.ide.mcu.externaltools.gnu-tools-for-stm32.10.3-2021.10.win32_1.0.200.202301161003/tools/bin/../lib/gcc/arm-none-eabi/10.3.1/../../../../arm-none-eabi/lib/thumb/v7e-m+fp/hard\libc_nano.a(lib_a-memset.o)
 .ARM.attributes
                0x00000000000006f3       0x34 d:/microwilkin/programa/stm32cubeide_1.12.1/stm32cubeide/plugins/com.st.stm32cube.ide.mcu.externaltools.gnu-tools-for-stm32.10.3-2021.10.win32_1.0.200.202301161003/tools/bin/../lib/gcc/arm-none-eabi/10.3.1/../../../../arm-none-eabi/lib/thumb/v7e-m+fp/hard\libc_nano.a(lib_a-sprintf.o)
 .ARM.attributes
                0x0000000000000727       0x34 d:/microwilkin/programa/stm32cubeide_1.12.1/stm32cubeide/plugins/com.st.stm32cube.ide.mcu.externaltools.gnu-tools-for-stm32.10.3-2021.10.win32_1.0.200.202301161003/tools/bin/../lib/gcc/arm-none-eabi/10.3.1/../../../../arm-none-eabi/lib/thumb/v7e-m+fp/hard\libc_nano.a(lib_a-nano-svfprintf.o)
 .ARM.attributes
                0x000000000000075b       0x34 d:/microwilkin/programa/stm32cubeide_1.12.1/stm32cubeide/plugins/com.st.stm32cube.ide.mcu.externaltools.gnu-tools-for-stm32.10.3-2021.10.win32_1.0.200.202301161003/tools/bin/../lib/gcc/arm-none-eabi/10.3.1/../../../../arm-none-eabi/lib/thumb/v7e-m+fp/hard\libc_nano.a(lib_a-nano-vfprintf_i.o)
 .ARM.attributes
                0x000000000000078f       0x1c d:/microwilkin/programa/stm32cubeide_1.12.1/stm32cubeide/plugins/com.st.stm32cube.ide.mcu.externaltools.gnu-tools-for-stm32.10.3-2021.10.win32_1.0.200.202301161003/tools/bin/../lib/gcc/arm-none-eabi/10.3.1/../../../../arm-none-eabi/lib/thumb/v7e-m+fp/hard\libc_nano.a(lib_a-memchr.o)
 .ARM.attributes
                0x00000000000007ab       0x34 d:/microwilkin/programa/stm32cubeide_1.12.1/stm32cubeide/plugins/com.st.stm32cube.ide.mcu.externaltools.gnu-tools-for-stm32.10.3-2021.10.win32_1.0.200.202301161003/tools/bin/../lib/gcc/arm-none-eabi/10.3.1/../../../../arm-none-eabi/lib/thumb/v7e-m+fp/hard\libc_nano.a(lib_a-memcpy-stub.o)
 .ARM.attributes
                0x00000000000007df       0x34 d:/microwilkin/programa/stm32cubeide_1.12.1/stm32cubeide/plugins/com.st.stm32cube.ide.mcu.externaltools.gnu-tools-for-stm32.10.3-2021.10.win32_1.0.200.202301161003/tools/bin/../lib/gcc/arm-none-eabi/10.3.1/../../../../arm-none-eabi/lib/thumb/v7e-m+fp/hard\libc_nano.a(lib_a-memmove.o)
 .ARM.attributes
                0x0000000000000813       0x34 d:/microwilkin/programa/stm32cubeide_1.12.1/stm32cubeide/plugins/com.st.stm32cube.ide.mcu.externaltools.gnu-tools-for-stm32.10.3-2021.10.win32_1.0.200.202301161003/tools/bin/../lib/gcc/arm-none-eabi/10.3.1/../../../../arm-none-eabi/lib/thumb/v7e-m+fp/hard\libc_nano.a(lib_a-nano-freer.o)
 .ARM.attributes
                0x0000000000000847       0x34 d:/microwilkin/programa/stm32cubeide_1.12.1/stm32cubeide/plugins/com.st.stm32cube.ide.mcu.externaltools.gnu-tools-for-stm32.10.3-2021.10.win32_1.0.200.202301161003/tools/bin/../lib/gcc/arm-none-eabi/10.3.1/../../../../arm-none-eabi/lib/thumb/v7e-m+fp/hard\libc_nano.a(lib_a-nano-mallocr.o)
 .ARM.attributes
                0x000000000000087b       0x34 d:/microwilkin/programa/stm32cubeide_1.12.1/stm32cubeide/plugins/com.st.stm32cube.ide.mcu.externaltools.gnu-tools-for-stm32.10.3-2021.10.win32_1.0.200.202301161003/tools/bin/../lib/gcc/arm-none-eabi/10.3.1/../../../../arm-none-eabi/lib/thumb/v7e-m+fp/hard\libc_nano.a(lib_a-nano-reallocr.o)
 .ARM.attributes
                0x00000000000008af       0x34 d:/microwilkin/programa/stm32cubeide_1.12.1/stm32cubeide/plugins/com.st.stm32cube.ide.mcu.externaltools.gnu-tools-for-stm32.10.3-2021.10.win32_1.0.200.202301161003/tools/bin/../lib/gcc/arm-none-eabi/10.3.1/../../../../arm-none-eabi/lib/thumb/v7e-m+fp/hard\libc_nano.a(lib_a-sbrkr.o)
 .ARM.attributes
                0x00000000000008e3       0x34 d:/microwilkin/programa/stm32cubeide_1.12.1/stm32cubeide/plugins/com.st.stm32cube.ide.mcu.externaltools.gnu-tools-for-stm32.10.3-2021.10.win32_1.0.200.202301161003/tools/bin/../lib/gcc/arm-none-eabi/10.3.1/../../../../arm-none-eabi/lib/thumb/v7e-m+fp/hard\libc_nano.a(lib_a-mlock.o)
 .ARM.attributes
                0x0000000000000917       0x34 d:/microwilkin/programa/stm32cubeide_1.12.1/stm32cubeide/plugins/com.st.stm32cube.ide.mcu.externaltools.gnu-tools-for-stm32.10.3-2021.10.win32_1.0.200.202301161003/tools/bin/../lib/gcc/arm-none-eabi/10.3.1/../../../../arm-none-eabi/lib/thumb/v7e-m+fp/hard\libc_nano.a(lib_a-nano-msizer.o)
 .ARM.attributes
                0x000000000000094b       0x34 d:/microwilkin/programa/stm32cubeide_1.12.1/stm32cubeide/plugins/com.st.stm32cube.ide.mcu.externaltools.gnu-tools-for-stm32.10.3-2021.10.win32_1.0.200.202301161003/tools/bin/../lib/gcc/arm-none-eabi/10.3.1/../../../../arm-none-eabi/lib/thumb/v7e-m+fp/hard\libc_nano.a(lib_a-reent.o)
 .ARM.attributes
                0x000000000000097f       0x34 d:/microwilkin/programa/stm32cubeide_1.12.1/stm32cubeide/plugins/com.st.stm32cube.ide.mcu.externaltools.gnu-tools-for-stm32.10.3-2021.10.win32_1.0.200.202301161003/tools/bin/../lib/gcc/arm-none-eabi/10.3.1/../../../../arm-none-eabi/lib/thumb/v7e-m+fp/hard\libc_nano.a(lib_a-lock.o)
 .ARM.attributes
                0x00000000000009b3       0x34 d:/microwilkin/programa/stm32cubeide_1.12.1/stm32cubeide/plugins/com.st.stm32cube.ide.mcu.externaltools.gnu-tools-for-stm32.10.3-2021.10.win32_1.0.200.202301161003/tools/bin/../lib/gcc/arm-none-eabi/10.3.1/../../../../arm-none-eabi/lib/thumb/v7e-m+fp/hard\libm.a(lib_a-s_sin.o)
 .ARM.attributes
                0x00000000000009e7       0x34 d:/microwilkin/programa/stm32cubeide_1.12.1/stm32cubeide/plugins/com.st.stm32cube.ide.mcu.externaltools.gnu-tools-for-stm32.10.3-2021.10.win32_1.0.200.202301161003/tools/bin/../lib/gcc/arm-none-eabi/10.3.1/../../../../arm-none-eabi/lib/thumb/v7e-m+fp/hard\libm.a(lib_a-e_rem_pio2.o)
 .ARM.attributes
                0x0000000000000a1b       0x34 d:/microwilkin/programa/stm32cubeide_1.12.1/stm32cubeide/plugins/com.st.stm32cube.ide.mcu.externaltools.gnu-tools-for-stm32.10.3-2021.10.win32_1.0.200.202301161003/tools/bin/../lib/gcc/arm-none-eabi/10.3.1/../../../../arm-none-eabi/lib/thumb/v7e-m+fp/hard\libm.a(lib_a-k_cos.o)
 .ARM.attributes
                0x0000000000000a4f       0x34 d:/microwilkin/programa/stm32cubeide_1.12.1/stm32cubeide/plugins/com.st.stm32cube.ide.mcu.externaltools.gnu-tools-for-stm32.10.3-2021.10.win32_1.0.200.202301161003/tools/bin/../lib/gcc/arm-none-eabi/10.3.1/../../../../arm-none-eabi/lib/thumb/v7e-m+fp/hard\libm.a(lib_a-k_rem_pio2.o)
 .ARM.attributes
                0x0000000000000a83       0x34 d:/microwilkin/programa/stm32cubeide_1.12.1/stm32cubeide/plugins/com.st.stm32cube.ide.mcu.externaltools.gnu-tools-for-stm32.10.3-2021.10.win32_1.0.200.202301161003/tools/bin/../lib/gcc/arm-none-eabi/10.3.1/../../../../arm-none-eabi/lib/thumb/v7e-m+fp/hard\libm.a(lib_a-k_sin.o)
 .ARM.attributes
                0x0000000000000ab7       0x34 d:/microwilkin/programa/stm32cubeide_1.12.1/stm32cubeide/plugins/com.st.stm32cube.ide.mcu.externaltools.gnu-tools-for-stm32.10.3-2021.10.win32_1.0.200.202301161003/tools/bin/../lib/gcc/arm-none-eabi/10.3.1/../../../../arm-none-eabi/lib/thumb/v7e-m+fp/hard\libm.a(lib_a-s_fabs.o)
 .ARM.attributes
                0x0000000000000aeb       0x34 d:/microwilkin/programa/stm32cubeide_1.12.1/stm32cubeide/plugins/com.st.stm32cube.ide.mcu.externaltools.gnu-tools-for-stm32.10.3-2021.10.win32_1.0.200.202301161003/tools/bin/../lib/gcc/arm-none-eabi/10.3.1/../../../../arm-none-eabi/lib/thumb/v7e-m+fp/hard\libm.a(lib_a-s_floor.o)
 .ARM.attributes
                0x0000000000000b1f       0x34 d:/microwilkin/programa/stm32cubeide_1.12.1/stm32cubeide/plugins/com.st.stm32cube.ide.mcu.externaltools.gnu-tools-for-stm32.10.3-2021.10.win32_1.0.200.202301161003/tools/bin/../lib/gcc/arm-none-eabi/10.3.1/../../../../arm-none-eabi/lib/thumb/v7e-m+fp/hard\libm.a(lib_a-s_scalbn.o)
 .ARM.attributes
                0x0000000000000b53       0x1e d:/microwilkin/programa/stm32cubeide_1.12.1/stm32cubeide/plugins/com.st.stm32cube.ide.mcu.externaltools.gnu-tools-for-stm32.10.3-2021.10.win32_1.0.200.202301161003/tools/bin/../lib/gcc/arm-none-eabi/10.3.1/thumb/v7e-m+fp/hard\libgcc.a(_arm_addsubdf3.o)
 .ARM.attributes
                0x0000000000000b71       0x1e d:/microwilkin/programa/stm32cubeide_1.12.1/stm32cubeide/plugins/com.st.stm32cube.ide.mcu.externaltools.gnu-tools-for-stm32.10.3-2021.10.win32_1.0.200.202301161003/tools/bin/../lib/gcc/arm-none-eabi/10.3.1/thumb/v7e-m+fp/hard\libgcc.a(_arm_muldivdf3.o)
 .ARM.attributes
                0x0000000000000b8f       0x1e d:/microwilkin/programa/stm32cubeide_1.12.1/stm32cubeide/plugins/com.st.stm32cube.ide.mcu.externaltools.gnu-tools-for-stm32.10.3-2021.10.win32_1.0.200.202301161003/tools/bin/../lib/gcc/arm-none-eabi/10.3.1/thumb/v7e-m+fp/hard\libgcc.a(_arm_cmpdf2.o)
 .ARM.attributes
                0x0000000000000bad       0x1e d:/microwilkin/programa/stm32cubeide_1.12.1/stm32cubeide/plugins/com.st.stm32cube.ide.mcu.externaltools.gnu-tools-for-stm32.10.3-2021.10.win32_1.0.200.202301161003/tools/bin/../lib/gcc/arm-none-eabi/10.3.1/thumb/v7e-m+fp/hard\libgcc.a(_arm_fixdfsi.o)
 .ARM.attributes
                0x0000000000000bcb       0x1e d:/microwilkin/programa/stm32cubeide_1.12.1/stm32cubeide/plugins/com.st.stm32cube.ide.mcu.externaltools.gnu-tools-for-stm32.10.3-2021.10.win32_1.0.200.202301161003/tools/bin/../lib/gcc/arm-none-eabi/10.3.1/thumb/v7e-m+fp/hard\libgcc.a(_arm_fixunsdfsi.o)
 .ARM.attributes
                0x0000000000000be9       0x1e d:/microwilkin/programa/stm32cubeide_1.12.1/stm32cubeide/plugins/com.st.stm32cube.ide.mcu.externaltools.gnu-tools-for-stm32.10.3-2021.10.win32_1.0.200.202301161003/tools/bin/../lib/gcc/arm-none-eabi/10.3.1/thumb/v7e-m+fp/hard/crtn.o
OUTPUT(HOLA23.elf elf32-littlearm)
LOAD linker stubs
LOAD d:/microwilkin/programa/stm32cubeide_1.12.1/stm32cubeide/plugins/com.st.stm32cube.ide.mcu.externaltools.gnu-tools-for-stm32.10.3-2021.10.win32_1.0.200.202301161003/tools/bin/../lib/gcc/arm-none-eabi/10.3.1/../../../../arm-none-eabi/lib/thumb/v7e-m+fp/hard\libc.a
LOAD d:/microwilkin/programa/stm32cubeide_1.12.1/stm32cubeide/plugins/com.st.stm32cube.ide.mcu.externaltools.gnu-tools-for-stm32.10.3-2021.10.win32_1.0.200.202301161003/tools/bin/../lib/gcc/arm-none-eabi/10.3.1/../../../../arm-none-eabi/lib/thumb/v7e-m+fp/hard\libm.a
LOAD d:/microwilkin/programa/stm32cubeide_1.12.1/stm32cubeide/plugins/com.st.stm32cube.ide.mcu.externaltools.gnu-tools-for-stm32.10.3-2021.10.win32_1.0.200.202301161003/tools/bin/../lib/gcc/arm-none-eabi/10.3.1/thumb/v7e-m+fp/hard\libgcc.a

.debug_info     0x0000000000000000    0x1764d
 .debug_info    0x0000000000000000      0xa85 ./Core/Src/adc.o
 .debug_info    0x0000000000000a85      0x8a9 ./Core/Src/dac.o
 .debug_info    0x000000000000132e      0x33a ./Core/Src/dma.o
 .debug_info    0x0000000000001668      0x383 ./Core/Src/gpio.o
 .debug_info    0x00000000000019eb      0x80c ./Core/Src/i2c-lcd.o
 .debug_info    0x00000000000021f7      0x94f ./Core/Src/i2c.o
 .debug_info    0x0000000000002b46     0x1212 ./Core/Src/main.o
 .debug_info    0x0000000000003d58      0x73a ./Core/Src/max_matrix_stm32.o
 .debug_info    0x0000000000004492      0x1bd ./Core/Src/stm32f3xx_hal_msp.o
 .debug_info    0x000000000000464f      0x784 ./Core/Src/stm32f3xx_it.o
 .debug_info    0x0000000000004dd3      0x171 ./Core/Src/sysmem.o
 .debug_info    0x0000000000004f44      0x416 ./Core/Src/system_stm32f3xx.o
 .debug_info    0x000000000000535a      0xc8f ./Core/Src/tim.o
 .debug_info    0x0000000000005fe9      0x98b ./Core/Src/usart.o
 .debug_info    0x0000000000006974       0x22 ./Core/Startup/startup_stm32f302r8tx.o
 .debug_info    0x0000000000006996      0x7a7 ./Drivers/STM32F3xx_HAL_Driver/Src/stm32f3xx_hal.o
 .debug_info    0x000000000000713d     0x14a3 ./Drivers/STM32F3xx_HAL_Driver/Src/stm32f3xx_hal_adc_ex.o
 .debug_info    0x00000000000085e0      0xb4a ./Drivers/STM32F3xx_HAL_Driver/Src/stm32f3xx_hal_cortex.o
 .debug_info    0x000000000000912a      0x8a9 ./Drivers/STM32F3xx_HAL_Driver/Src/stm32f3xx_hal_dac.o
 .debug_info    0x00000000000099d3      0x8aa ./Drivers/STM32F3xx_HAL_Driver/Src/stm32f3xx_hal_dac_ex.o
 .debug_info    0x000000000000a27d      0x757 ./Drivers/STM32F3xx_HAL_Driver/Src/stm32f3xx_hal_dma.o
 .debug_info    0x000000000000a9d4      0x68a ./Drivers/STM32F3xx_HAL_Driver/Src/stm32f3xx_hal_gpio.o
 .debug_info    0x000000000000b05e     0x226b ./Drivers/STM32F3xx_HAL_Driver/Src/stm32f3xx_hal_i2c.o
 .debug_info    0x000000000000d2c9      0x8ab ./Drivers/STM32F3xx_HAL_Driver/Src/stm32f3xx_hal_i2c_ex.o
 .debug_info    0x000000000000db74     0x1585 ./Drivers/STM32F3xx_HAL_Driver/Src/stm32f3xx_hal_rcc.o
 .debug_info    0x000000000000f0f9      0x5d9 ./Drivers/STM32F3xx_HAL_Driver/Src/stm32f3xx_hal_rcc_ex.o
 .debug_info    0x000000000000f6d2     0x2cdb ./Drivers/STM32F3xx_HAL_Driver/Src/stm32f3xx_hal_tim.o
 .debug_info    0x00000000000123ad     0x16a8 ./Drivers/STM32F3xx_HAL_Driver/Src/stm32f3xx_hal_tim_ex.o
 .debug_info    0x0000000000013a55     0x3bf8 ./Drivers/STM32F3xx_HAL_Driver/Src/stm32f3xx_hal_uart.o

.debug_abbrev   0x0000000000000000     0x36c6
 .debug_abbrev  0x0000000000000000      0x20a ./Core/Src/adc.o
 .debug_abbrev  0x000000000000020a      0x1f3 ./Core/Src/dac.o
 .debug_abbrev  0x00000000000003fd       0xf8 ./Core/Src/dma.o
 .debug_abbrev  0x00000000000004f5      0x146 ./Core/Src/gpio.o
 .debug_abbrev  0x000000000000063b      0x1e9 ./Core/Src/i2c-lcd.o
 .debug_abbrev  0x0000000000000824      0x202 ./Core/Src/i2c.o
 .debug_abbrev  0x0000000000000a26      0x308 ./Core/Src/main.o
 .debug_abbrev  0x0000000000000d2e      0x1f3 ./Core/Src/max_matrix_stm32.o
 .debug_abbrev  0x0000000000000f21       0xde ./Core/Src/stm32f3xx_hal_msp.o
 .debug_abbrev  0x0000000000000fff      0x184 ./Core/Src/stm32f3xx_it.o
 .debug_abbrev  0x0000000000001183       0xbb ./Core/Src/sysmem.o
 .debug_abbrev  0x000000000000123e      0x116 ./Core/Src/system_stm32f3xx.o
 .debug_abbrev  0x0000000000001354      0x203 ./Core/Src/tim.o
 .debug_abbrev  0x0000000000001557      0x1e7 ./Core/Src/usart.o
 .debug_abbrev  0x000000000000173e       0x12 ./Core/Startup/startup_stm32f302r8tx.o
 .debug_abbrev  0x0000000000001750      0x20e ./Drivers/STM32F3xx_HAL_Driver/Src/stm32f3xx_hal.o
 .debug_abbrev  0x000000000000195e      0x27a ./Drivers/STM32F3xx_HAL_Driver/Src/stm32f3xx_hal_adc_ex.o
 .debug_abbrev  0x0000000000001bd8      0x2ed ./Drivers/STM32F3xx_HAL_Driver/Src/stm32f3xx_hal_cortex.o
 .debug_abbrev  0x0000000000001ec5      0x19d ./Drivers/STM32F3xx_HAL_Driver/Src/stm32f3xx_hal_dac.o
 .debug_abbrev  0x0000000000002062      0x1ff ./Drivers/STM32F3xx_HAL_Driver/Src/stm32f3xx_hal_dac_ex.o
 .debug_abbrev  0x0000000000002261      0x1fe ./Drivers/STM32F3xx_HAL_Driver/Src/stm32f3xx_hal_dma.o
 .debug_abbrev  0x000000000000245f      0x1bb ./Drivers/STM32F3xx_HAL_Driver/Src/stm32f3xx_hal_gpio.o
 .debug_abbrev  0x000000000000261a      0x24a ./Drivers/STM32F3xx_HAL_Driver/Src/stm32f3xx_hal_i2c.o
 .debug_abbrev  0x0000000000002864      0x1b0 ./Drivers/STM32F3xx_HAL_Driver/Src/stm32f3xx_hal_i2c_ex.o
 .debug_abbrev  0x0000000000002a14      0x2f9 ./Drivers/STM32F3xx_HAL_Driver/Src/stm32f3xx_hal_rcc.o
 .debug_abbrev  0x0000000000002d0d      0x22d ./Drivers/STM32F3xx_HAL_Driver/Src/stm32f3xx_hal_rcc_ex.o
 .debug_abbrev  0x0000000000002f3a      0x264 ./Drivers/STM32F3xx_HAL_Driver/Src/stm32f3xx_hal_tim.o
 .debug_abbrev  0x000000000000319e      0x26c ./Drivers/STM32F3xx_HAL_Driver/Src/stm32f3xx_hal_tim_ex.o
 .debug_abbrev  0x000000000000340a      0x2bc ./Drivers/STM32F3xx_HAL_Driver/Src/stm32f3xx_hal_uart.o

.debug_aranges  0x0000000000000000     0x1390
 .debug_aranges
                0x0000000000000000       0x30 ./Core/Src/adc.o
 .debug_aranges
                0x0000000000000030       0x30 ./Core/Src/dac.o
 .debug_aranges
                0x0000000000000060       0x20 ./Core/Src/dma.o
 .debug_aranges
                0x0000000000000080       0x20 ./Core/Src/gpio.o
 .debug_aranges
                0x00000000000000a0       0x50 ./Core/Src/i2c-lcd.o
 .debug_aranges
                0x00000000000000f0       0x30 ./Core/Src/i2c.o
 .debug_aranges
                0x0000000000000120       0x48 ./Core/Src/main.o
 .debug_aranges
                0x0000000000000168       0x78 ./Core/Src/max_matrix_stm32.o
 .debug_aranges
                0x00000000000001e0       0x20 ./Core/Src/stm32f3xx_hal_msp.o
 .debug_aranges
                0x0000000000000200       0x78 ./Core/Src/stm32f3xx_it.o
 .debug_aranges
                0x0000000000000278       0x20 ./Core/Src/sysmem.o
 .debug_aranges
                0x0000000000000298       0x28 ./Core/Src/system_stm32f3xx.o
 .debug_aranges
                0x00000000000002c0       0x30 ./Core/Src/tim.o
 .debug_aranges
                0x00000000000002f0       0x30 ./Core/Src/usart.o
 .debug_aranges
                0x0000000000000320       0x28 ./Core/Startup/startup_stm32f302r8tx.o
 .debug_aranges
                0x0000000000000348       0xe0 ./Drivers/STM32F3xx_HAL_Driver/Src/stm32f3xx_hal.o
 .debug_aranges
                0x0000000000000428      0x140 ./Drivers/STM32F3xx_HAL_Driver/Src/stm32f3xx_hal_adc_ex.o
 .debug_aranges
                0x0000000000000568      0x100 ./Drivers/STM32F3xx_HAL_Driver/Src/stm32f3xx_hal_cortex.o
 .debug_aranges
                0x0000000000000668       0xa8 ./Drivers/STM32F3xx_HAL_Driver/Src/stm32f3xx_hal_dac.o
 .debug_aranges
                0x0000000000000710       0x78 ./Drivers/STM32F3xx_HAL_Driver/Src/stm32f3xx_hal_dac_ex.o
 .debug_aranges
                0x0000000000000788       0x88 ./Drivers/STM32F3xx_HAL_Driver/Src/stm32f3xx_hal_dma.o
 .debug_aranges
                0x0000000000000810       0x58 ./Drivers/STM32F3xx_HAL_Driver/Src/stm32f3xx_hal_gpio.o
 .debug_aranges
                0x0000000000000868      0x2a0 ./Drivers/STM32F3xx_HAL_Driver/Src/stm32f3xx_hal_i2c.o
 .debug_aranges
                0x0000000000000b08       0x48 ./Drivers/STM32F3xx_HAL_Driver/Src/stm32f3xx_hal_i2c_ex.o
 .debug_aranges
                0x0000000000000b50       0x88 ./Drivers/STM32F3xx_HAL_Driver/Src/stm32f3xx_hal_rcc.o
 .debug_aranges
                0x0000000000000bd8       0x38 ./Drivers/STM32F3xx_HAL_Driver/Src/stm32f3xx_hal_rcc_ex.o
 .debug_aranges
                0x0000000000000c10      0x3e0 ./Drivers/STM32F3xx_HAL_Driver/Src/stm32f3xx_hal_tim.o
 .debug_aranges
                0x0000000000000ff0      0x178 ./Drivers/STM32F3xx_HAL_Driver/Src/stm32f3xx_hal_tim_ex.o
 .debug_aranges
                0x0000000000001168      0x228 ./Drivers/STM32F3xx_HAL_Driver/Src/stm32f3xx_hal_uart.o

.debug_ranges   0x0000000000000000     0x11f8
 .debug_ranges  0x0000000000000000       0x20 ./Core/Src/adc.o
 .debug_ranges  0x0000000000000020       0x20 ./Core/Src/dac.o
 .debug_ranges  0x0000000000000040       0x10 ./Core/Src/dma.o
 .debug_ranges  0x0000000000000050       0x10 ./Core/Src/gpio.o
 .debug_ranges  0x0000000000000060       0x40 ./Core/Src/i2c-lcd.o
 .debug_ranges  0x00000000000000a0       0x20 ./Core/Src/i2c.o
 .debug_ranges  0x00000000000000c0       0x38 ./Core/Src/main.o
 .debug_ranges  0x00000000000000f8       0x68 ./Core/Src/max_matrix_stm32.o
 .debug_ranges  0x0000000000000160       0x10 ./Core/Src/stm32f3xx_hal_msp.o
 .debug_ranges  0x0000000000000170       0x68 ./Core/Src/stm32f3xx_it.o
 .debug_ranges  0x00000000000001d8       0x10 ./Core/Src/sysmem.o
 .debug_ranges  0x00000000000001e8       0x18 ./Core/Src/system_stm32f3xx.o
 .debug_ranges  0x0000000000000200       0x20 ./Core/Src/tim.o
 .debug_ranges  0x0000000000000220       0x20 ./Core/Src/usart.o
 .debug_ranges  0x0000000000000240       0x20 ./Core/Startup/startup_stm32f302r8tx.o
 .debug_ranges  0x0000000000000260       0xd0 ./Drivers/STM32F3xx_HAL_Driver/Src/stm32f3xx_hal.o
 .debug_ranges  0x0000000000000330      0x130 ./Drivers/STM32F3xx_HAL_Driver/Src/stm32f3xx_hal_adc_ex.o
 .debug_ranges  0x0000000000000460       0xf0 ./Drivers/STM32F3xx_HAL_Driver/Src/stm32f3xx_hal_cortex.o
 .debug_ranges  0x0000000000000550       0x98 ./Drivers/STM32F3xx_HAL_Driver/Src/stm32f3xx_hal_dac.o
 .debug_ranges  0x00000000000005e8       0x68 ./Drivers/STM32F3xx_HAL_Driver/Src/stm32f3xx_hal_dac_ex.o
 .debug_ranges  0x0000000000000650       0x78 ./Drivers/STM32F3xx_HAL_Driver/Src/stm32f3xx_hal_dma.o
 .debug_ranges  0x00000000000006c8       0x48 ./Drivers/STM32F3xx_HAL_Driver/Src/stm32f3xx_hal_gpio.o
 .debug_ranges  0x0000000000000710      0x290 ./Drivers/STM32F3xx_HAL_Driver/Src/stm32f3xx_hal_i2c.o
 .debug_ranges  0x00000000000009a0       0x38 ./Drivers/STM32F3xx_HAL_Driver/Src/stm32f3xx_hal_i2c_ex.o
 .debug_ranges  0x00000000000009d8       0x78 ./Drivers/STM32F3xx_HAL_Driver/Src/stm32f3xx_hal_rcc.o
 .debug_ranges  0x0000000000000a50       0x28 ./Drivers/STM32F3xx_HAL_Driver/Src/stm32f3xx_hal_rcc_ex.o
 .debug_ranges  0x0000000000000a78      0x3d0 ./Drivers/STM32F3xx_HAL_Driver/Src/stm32f3xx_hal_tim.o
 .debug_ranges  0x0000000000000e48      0x168 ./Drivers/STM32F3xx_HAL_Driver/Src/stm32f3xx_hal_tim_ex.o
 .debug_ranges  0x0000000000000fb0      0x248 ./Drivers/STM32F3xx_HAL_Driver/Src/stm32f3xx_hal_uart.o

.debug_macro    0x0000000000000000    0x1e574
 .debug_macro   0x0000000000000000      0x20b ./Core/Src/adc.o
 .debug_macro   0x000000000000020b      0xa78 ./Core/Src/adc.o
 .debug_macro   0x0000000000000c83      0x163 ./Core/Src/adc.o
 .debug_macro   0x0000000000000de6       0x2e ./Core/Src/adc.o
 .debug_macro   0x0000000000000e14       0x28 ./Core/Src/adc.o
 .debug_macro   0x0000000000000e3c       0x22 ./Core/Src/adc.o
 .debug_macro   0x0000000000000e5e       0x8e ./Core/Src/adc.o
 .debug_macro   0x0000000000000eec       0x51 ./Core/Src/adc.o
 .debug_macro   0x0000000000000f3d      0x103 ./Core/Src/adc.o
 .debug_macro   0x0000000000001040       0x6a ./Core/Src/adc.o
 .debug_macro   0x00000000000010aa      0x1df ./Core/Src/adc.o
 .debug_macro   0x0000000000001289       0x1c ./Core/Src/adc.o
 .debug_macro   0x00000000000012a5       0x22 ./Core/Src/adc.o
 .debug_macro   0x00000000000012c7       0xd9 ./Core/Src/adc.o
 .debug_macro   0x00000000000013a0      0xf07 ./Core/Src/adc.o
 .debug_macro   0x00000000000022a7    0x110e8 ./Core/Src/adc.o
 .debug_macro   0x000000000001338f       0x6d ./Core/Src/adc.o
 .debug_macro   0x00000000000133fc     0x3558 ./Core/Src/adc.o
 .debug_macro   0x0000000000016954      0x174 ./Core/Src/adc.o
 .debug_macro   0x0000000000016ac8       0x55 ./Core/Src/adc.o
 .debug_macro   0x0000000000016b1d      0x8f8 ./Core/Src/adc.o
 .debug_macro   0x0000000000017415      0x41b ./Core/Src/adc.o
 .debug_macro   0x0000000000017830      0x1b5 ./Core/Src/adc.o
 .debug_macro   0x00000000000179e5      0x161 ./Core/Src/adc.o
 .debug_macro   0x0000000000017b46      0x1d5 ./Core/Src/adc.o
 .debug_macro   0x0000000000017d1b      0x1bc ./Core/Src/adc.o
 .debug_macro   0x0000000000017ed7       0x34 ./Core/Src/adc.o
 .debug_macro   0x0000000000017f0b       0x3c ./Core/Src/adc.o
 .debug_macro   0x0000000000017f47       0x57 ./Core/Src/adc.o
 .debug_macro   0x0000000000017f9e      0x7b9 ./Core/Src/adc.o
 .debug_macro   0x0000000000018757       0x77 ./Core/Src/adc.o
 .debug_macro   0x00000000000187ce      0x176 ./Core/Src/adc.o
 .debug_macro   0x0000000000018944       0x4e ./Core/Src/adc.o
 .debug_macro   0x0000000000018992       0xc5 ./Core/Src/adc.o
 .debug_macro   0x0000000000018a57      0x19f ./Core/Src/adc.o
 .debug_macro   0x0000000000018bf6      0x22c ./Core/Src/adc.o
 .debug_macro   0x0000000000018e22       0x5b ./Core/Src/adc.o
 .debug_macro   0x0000000000018e7d       0xa5 ./Core/Src/adc.o
 .debug_macro   0x0000000000018f22       0x81 ./Core/Src/adc.o
 .debug_macro   0x0000000000018fa3       0xd3 ./Core/Src/adc.o
 .debug_macro   0x0000000000019076      0xa59 ./Core/Src/adc.o
 .debug_macro   0x0000000000019acf       0x41 ./Core/Src/adc.o
 .debug_macro   0x0000000000019b10      0x5ba ./Core/Src/adc.o
 .debug_macro   0x000000000001a0ca       0x44 ./Core/Src/adc.o
 .debug_macro   0x000000000001a10e      0x1f7 ./Core/Src/adc.o
 .debug_macro   0x000000000001a305       0x58 ./Core/Src/adc.o
 .debug_macro   0x000000000001a35d      0x20b ./Core/Src/dac.o
 .debug_macro   0x000000000001a568      0x20b ./Core/Src/dma.o
 .debug_macro   0x000000000001a773      0x20b ./Core/Src/gpio.o
 .debug_macro   0x000000000001a97e      0x1fc ./Core/Src/i2c-lcd.o
 .debug_macro   0x000000000001ab7a      0x20b ./Core/Src/i2c.o
 .debug_macro   0x000000000001ad85      0x31e ./Core/Src/main.o
 .debug_macro   0x000000000001b0a3       0x22 ./Core/Src/main.o
 .debug_macro   0x000000000001b0c5       0x46 ./Core/Src/main.o
 .debug_macro   0x000000000001b10b       0x52 ./Core/Src/main.o
 .debug_macro   0x000000000001b15d       0x1e ./Core/Src/main.o
 .debug_macro   0x000000000001b17b       0x3c ./Core/Src/main.o
 .debug_macro   0x000000000001b1b7       0x34 ./Core/Src/main.o
 .debug_macro   0x000000000001b1eb       0x16 ./Core/Src/main.o
 .debug_macro   0x000000000001b201       0x43 ./Core/Src/main.o
 .debug_macro   0x000000000001b244       0x34 ./Core/Src/main.o
 .debug_macro   0x000000000001b278       0x10 ./Core/Src/main.o
 .debug_macro   0x000000000001b288       0x58 ./Core/Src/main.o
 .debug_macro   0x000000000001b2e0       0x71 ./Core/Src/main.o
 .debug_macro   0x000000000001b351       0x1c ./Core/Src/main.o
 .debug_macro   0x000000000001b36d      0x12a ./Core/Src/main.o
 .debug_macro   0x000000000001b497      0x341 ./Core/Src/main.o
 .debug_macro   0x000000000001b7d8      0x19b ./Core/Src/main.o
 .debug_macro   0x000000000001b973      0x213 ./Core/Src/max_matrix_stm32.o
 .debug_macro   0x000000000001bb86      0x201 ./Core/Src/stm32f3xx_hal_msp.o
 .debug_macro   0x000000000001bd87      0x20b ./Core/Src/stm32f3xx_it.o
 .debug_macro   0x000000000001bf92       0xff ./Core/Src/sysmem.o
 .debug_macro   0x000000000001c091      0x23b ./Core/Src/sysmem.o
 .debug_macro   0x000000000001c2cc      0x1f2 ./Core/Src/system_stm32f3xx.o
 .debug_macro   0x000000000001c4be      0x20b ./Core/Src/tim.o
 .debug_macro   0x000000000001c6c9      0x20b ./Core/Src/usart.o
 .debug_macro   0x000000000001c8d4      0x216 ./Drivers/STM32F3xx_HAL_Driver/Src/stm32f3xx_hal.o
 .debug_macro   0x000000000001caea      0x21c ./Drivers/STM32F3xx_HAL_Driver/Src/stm32f3xx_hal_adc_ex.o
 .debug_macro   0x000000000001cd06      0x1f2 ./Drivers/STM32F3xx_HAL_Driver/Src/stm32f3xx_hal_cortex.o
 .debug_macro   0x000000000001cef8      0x1f3 ./Drivers/STM32F3xx_HAL_Driver/Src/stm32f3xx_hal_dac.o
 .debug_macro   0x000000000001d0eb      0x1f2 ./Drivers/STM32F3xx_HAL_Driver/Src/stm32f3xx_hal_dac_ex.o
 .debug_macro   0x000000000001d2dd      0x1f2 ./Drivers/STM32F3xx_HAL_Driver/Src/stm32f3xx_hal_dma.o
 .debug_macro   0x000000000001d4cf      0x1f9 ./Drivers/STM32F3xx_HAL_Driver/Src/stm32f3xx_hal_gpio.o
 .debug_macro   0x000000000001d6c8      0x2be ./Drivers/STM32F3xx_HAL_Driver/Src/stm32f3xx_hal_i2c.o
 .debug_macro   0x000000000001d986      0x1f2 ./Drivers/STM32F3xx_HAL_Driver/Src/stm32f3xx_hal_i2c_ex.o
 .debug_macro   0x000000000001db78      0x216 ./Drivers/STM32F3xx_HAL_Driver/Src/stm32f3xx_hal_rcc.o
 .debug_macro   0x000000000001dd8e      0x1f2 ./Drivers/STM32F3xx_HAL_Driver/Src/stm32f3xx_hal_rcc_ex.o
 .debug_macro   0x000000000001df80      0x1f3 ./Drivers/STM32F3xx_HAL_Driver/Src/stm32f3xx_hal_tim.o
 .debug_macro   0x000000000001e173      0x1f2 ./Drivers/STM32F3xx_HAL_Driver/Src/stm32f3xx_hal_tim_ex.o
 .debug_macro   0x000000000001e365      0x20f ./Drivers/STM32F3xx_HAL_Driver/Src/stm32f3xx_hal_uart.o

.debug_line     0x0000000000000000    0x1c9d4
 .debug_line    0x0000000000000000      0x869 ./Core/Src/adc.o
 .debug_line    0x0000000000000869      0x839 ./Core/Src/dac.o
 .debug_line    0x00000000000010a2      0x7b7 ./Core/Src/dma.o