../Core/Src/main.c:80:6:button	8	static
../Core/Src/main.c:103:5:main	40	static
../Core/Src/main.c:185:6:SystemClock_Config	120	static
../Core/Src/main.c:223:6:HAL_TIM_IC_CaptureCallback	16	static
../Core/Src/main.c:258:13:MX_ADC1_Init	32	static
../Core/Src/main.c:312:13:MX_TIM2_Init	56	static
../Core/Src/main.c:359:13:MX_USART2_UART_Init	8	static
../Core/Src/main.c:390:13:MX_DMA_Init	16	static
../Core/Src/main.c:407:13:MX_GPIO_Init	48	static
../Core/Src/main.c:447:6:Error_Handler	4	static,ignoring_inline_asm
